Component: ARM Compiler 5.06 update 7 (build 960) Tool: armlink [4d3601]

==============================================================================

Section Cross References

    hello_world.o(i.main) refers to am_hal_clkgen.o(i.am_hal_clkgen_control) for am_hal_clkgen_control
    hello_world.o(i.main) refers to am_hal_cachectrl.o(i.am_hal_cachectrl_config) for am_hal_cachectrl_config
    hello_world.o(i.main) refers to am_hal_cachectrl.o(i.am_hal_cachectrl_enable) for am_hal_cachectrl_enable
    hello_world.o(i.main) refers to am_bsp.o(i.am_bsp_low_power_init) for am_bsp_low_power_init
    hello_world.o(i.main) refers to am_bsp.o(i.am_bsp_itm_printf_enable) for am_bsp_itm_printf_enable
    hello_world.o(i.main) refers to am_util_stdio.o(i.am_util_stdio_terminal_clear) for am_util_stdio_terminal_clear
    hello_world.o(i.main) refers to am_util_stdio.o(i.am_util_stdio_printf) for am_util_stdio_printf
    hello_world.o(i.main) refers to am_util_id.o(i.am_util_id_device) for am_util_id_device
    hello_world.o(i.main) refers to am_hal_security.o(i.am_hal_security_get_info) for am_hal_security_get_info
    hello_world.o(i.main) refers to am_util_stdio.o(i.am_util_stdio_sprintf) for am_util_stdio_sprintf
    hello_world.o(i.main) refers to am_bsp.o(i.am_bsp_debug_printf_disable) for am_bsp_debug_printf_disable
    hello_world.o(i.main) refers to am_hal_sysctrl.o(i.am_hal_sysctrl_sleep) for am_hal_sysctrl_sleep
    hello_world.o(i.main) refers to am_hal_cachectrl.o(.constdata) for am_hal_cachectrl_defaults
    hello_world.o(i.main) refers to hello_world.o(.conststring) for .conststring
    hello_world.o(i.main) refers to am_hal_global.o(.constdata) for g_ui8HALcompiler
    hello_world.o(i.main) refers to am_hal_global.o(.constdata) for g_ui32HALversion
    am_util_delay.o(i.am_util_delay_cycles) refers to am_hal_flash.o(i.am_hal_flash_delay) for am_hal_flash_delay
    am_util_delay.o(i.am_util_delay_ms) refers to am_hal_clkgen.o(i.am_hal_clkgen_status_get) for am_hal_clkgen_status_get
    am_util_delay.o(i.am_util_delay_ms) refers to am_hal_flash.o(i.am_hal_flash_delay) for am_hal_flash_delay
    am_util_delay.o(i.am_util_delay_us) refers to am_hal_clkgen.o(i.am_hal_clkgen_status_get) for am_hal_clkgen_status_get
    am_util_delay.o(i.am_util_delay_us) refers to am_hal_flash.o(i.am_hal_flash_delay) for am_hal_flash_delay
    am_util_faultisr.o(.emb_text) refers to am_util_faultisr.o(i.am_util_faultisr_collect_data) for am_util_faultisr_collect_data
    am_util_faultisr.o(i.am_util_faultisr_collect_data) refers to rt_memclr_w.o(.text) for __aeabi_memclr4
    am_util_faultisr.o(i.am_util_faultisr_collect_data) refers to am_util_faultisr.o(.emb_text) for getStackedReg
    am_util_faultisr.o(i.am_util_faultisr_collect_data) refers to am_hal_mcuctrl.o(i.am_hal_mcuctrl_info_get) for am_hal_mcuctrl_info_get
    am_util_id.o(i.am_util_id_device) refers to am_hal_mcuctrl.o(i.am_hal_mcuctrl_info_get) for am_hal_mcuctrl_info_get
    am_util_id.o(i.am_util_id_device) refers to am_util_id.o(i.revmaj_get) for revmaj_get
    am_util_id.o(i.am_util_id_device) refers to am_util_id.o(i.chiprev_set) for chiprev_set
    am_util_id.o(i.am_util_id_device) refers to am_util_id.o(.constdata) for g_ui8DeviceNameUnknown
    am_util_stdio.o(i.am_util_stdio_printf) refers to am_util_stdio.o(i.am_util_stdio_vsprintf) for am_util_stdio_vsprintf
    am_util_stdio.o(i.am_util_stdio_printf) refers to am_util_stdio.o(.data) for g_pfnCharPrint
    am_util_stdio.o(i.am_util_stdio_printf) refers to am_util_stdio.o(.bss) for g_prfbuf
    am_util_stdio.o(i.am_util_stdio_printf_init) refers to am_util_stdio.o(.data) for g_pfnCharPrint
    am_util_stdio.o(i.am_util_stdio_snprintf) refers to am_util_stdio.o(i.am_util_stdio_vsnprintf) for am_util_stdio_vsnprintf
    am_util_stdio.o(i.am_util_stdio_sprintf) refers to am_util_stdio.o(i.am_util_stdio_vsprintf) for am_util_stdio_vsprintf
    am_util_stdio.o(i.am_util_stdio_terminal_clear) refers to am_util_stdio.o(i.am_util_stdio_printf) for am_util_stdio_printf
    am_util_stdio.o(i.am_util_stdio_textmode_set) refers to am_util_stdio.o(.data) for g_bTxtXlate
    am_util_stdio.o(i.am_util_stdio_vprintf) refers to am_util_stdio.o(i.am_util_stdio_vsprintf) for am_util_stdio_vsprintf
    am_util_stdio.o(i.am_util_stdio_vprintf) refers to am_util_stdio.o(.data) for g_pfnCharPrint
    am_util_stdio.o(i.am_util_stdio_vprintf) refers to am_util_stdio.o(.bss) for g_prfbuf
    am_util_stdio.o(i.am_util_stdio_vsnprintf) refers to am_util_stdio.o(i.am_util_stdio_vsprintf) for am_util_stdio_vsprintf
    am_util_stdio.o(i.am_util_stdio_vsnprintf) refers to am_util_stdio.o(.bss) for g_prfbuf
    am_util_stdio.o(i.am_util_stdio_vsprintf) refers to am_util_stdio.o(i.decstr_to_int) for decstr_to_int
    am_util_stdio.o(i.am_util_stdio_vsprintf) refers to am_util_stdio.o(i.simple_strlen) for simple_strlen
    am_util_stdio.o(i.am_util_stdio_vsprintf) refers to am_util_stdio.o(i.padbuffer) for padbuffer
[...]
    Removing am_hal_flash.o(i.am_hal_flash_write_protect_set), (244 bytes).
    Removing am_hal_flash.o(i.customer_info_signature_set), (152 bytes).
    Removing am_hal_flash.o(.constdata), (96 bytes).
    Removing am_hal_flash.o(.constdata), (4 bytes).
    Removing am_hal_flash.o(.constdata), (48 bytes).
    Removing am_hal_flash.o(.data), (4 bytes).
    Removing am_hal_mcuctrl.o(.rev16_text), (4 bytes).
    Removing am_hal_mcuctrl.o(.revsh_text), (4 bytes).
    Removing am_hal_mcuctrl.o(.rrx_text), (6 bytes).
    Removing am_hal_mcuctrl.o(i.am_hal_mcuctrl_control), (340 bytes).
    Removing am_hal_mcuctrl.o(i.am_hal_mcuctrl_status_get), (92 bytes).
    Removing am_hal_security.o(.rev16_text), (4 bytes).
    Removing am_hal_security.o(.revsh_text), (4 bytes).
    Removing am_hal_security.o(.rrx_text), (6 bytes).
    Removing am_hal_security.o(.emb_text), (18 bytes).
    Removing am_hal_security.o(i.am_hal_bootloader_exit), (140 bytes).
    Removing am_hal_security.o(i.am_hal_crc32), (44 bytes).
    Removing am_hal_security.o(i.am_hal_crc32_accum), (288 bytes).
    Removing am_hal_security.o(i.am_hal_crc32_init), (36 bytes).
    Removing am_hal_security.o(i.am_hal_security_get_lock_status), (40 bytes).
    Removing am_hal_security.o(i.am_hal_security_set_key), (48 bytes).
    Removing am_hal_security.o(.bss), (512 bytes).
    Removing am_hal_sysctrl.o(.rev16_text), (4 bytes).
    Removing am_hal_sysctrl.o(.revsh_text), (4 bytes).
    Removing am_hal_sysctrl.o(.rrx_text), (6 bytes).
    Removing am_hal_sysctrl.o(i.am_hal_sysctrl_aircr_reset), (36 bytes).
    Removing am_hal_sysctrl.o(i.am_hal_sysctrl_control), (12 bytes).
    Removing am_hal_sysctrl.o(i.am_hal_sysctrl_fpu_disable), (12 bytes).
    Removing am_hal_sysctrl.o(i.am_hal_sysctrl_fpu_enable), (16 bytes).
    Removing am_hal_sysctrl.o(i.am_hal_sysctrl_fpu_stacking_disable), (32 bytes).
    Removing am_hal_sysctrl.o(i.am_hal_sysctrl_fpu_stacking_enable), (48 bytes).
    Removing am_bsp.o(.rev16_text), (4 bytes).
    Removing am_bsp.o(.revsh_text), (4 bytes).
    Removing am_bsp.o(.rrx_text), (6 bytes).
    Removing am_bsp.o(i.am_bsp_buffered_uart_printf_enable), (92 bytes).
    Removing am_bsp.o(i.am_bsp_buffered_uart_service), (44 bytes).
    Removing am_bsp.o(i.am_bsp_com_uart_transfer), (16 bytes).
    Removing am_bsp.o(i.am_bsp_debug_printf_enable), (224 bytes).
    Removing am_bsp.o(i.am_bsp_iom_pins_disable), (412 bytes).
    Removing am_bsp.o(i.am_bsp_iom_pins_enable), (600 bytes).
    Removing am_bsp.o(i.am_bsp_ios_pins_disable), (80 bytes).
    Removing am_bsp.o(i.am_bsp_ios_pins_enable), (108 bytes).
    Removing am_bsp.o(i.am_bsp_itm_printf_disable), (32 bytes).
    Removing am_bsp.o(i.am_bsp_mspi_pins_disable), (864 bytes).
    Removing am_bsp.o(i.am_bsp_mspi_pins_enable), (1104 bytes).
    Removing am_bsp.o(i.am_bsp_uart_printf_disable), (64 bytes).
    Removing am_bsp.o(i.am_bsp_uart_printf_enable), (84 bytes).
    Removing am_bsp.o(i.am_bsp_uart_string_print), (68 bytes).
    Removing am_bsp.o(.bss), (24 bytes).
    Removing am_bsp.o(.constdata), (60 bytes).
    Removing am_bsp.o(.data), (48 bytes).
    Removing am_hal_burst.o(.rev16_text), (4 bytes).
    Removing am_hal_burst.o(.revsh_text), (4 bytes).
    Removing am_hal_burst.o(.rrx_text), (6 bytes).
    Removing am_hal_burst.o(i.am_hal_burst_mode_disable), (92 bytes).
    Removing am_hal_burst.o(i.am_hal_burst_mode_enable), (96 bytes).
    Removing am_hal_burst.o(i.am_hal_burst_mode_initialize), (236 bytes).
    Removing am_hal_gpio.o(.rev16_text), (4 bytes).
    Removing am_hal_gpio.o(.revsh_text), (4 bytes).
    Removing am_hal_gpio.o(.rrx_text), (6 bytes).
    Removing am_hal_gpio.o(i.am_hal_gpio_fast_pinconfig), (212 bytes).
    Removing am_hal_gpio.o(i.am_hal_gpio_interrupt_clear), (80 bytes).
    Removing am_hal_gpio.o(i.am_hal_gpio_interrupt_disable), (80 bytes).
    Removing am_hal_gpio.o(i.am_hal_gpio_interrupt_enable), (72 bytes).
    Removing am_hal_gpio.o(i.am_hal_gpio_interrupt_register), (32 bytes).
    Removing am_hal_gpio.o(i.am_hal_gpio_interrupt_register_adv), (44 bytes).
    Removing am_hal_gpio.o(i.am_hal_gpio_interrupt_service), (128 bytes).
    Removing am_hal_gpio.o(i.am_hal_gpio_interrupt_status_get), (112 bytes).
    Removing am_hal_gpio.o(i.am_hal_gpio_isgpio), (78 bytes).
    Removing am_hal_gpio.o(i.am_hal_gpio_isinput), (32 bytes).
    Removing am_hal_gpio.o(i.am_hal_gpio_state_read), (90 bytes).
    Removing am_hal_gpio.o(.bss), (592 bytes).
    Removing am_hal_gpio.o(.constdata), (4 bytes).
    Removing am_hal_gpio.o(.constdata), (4 bytes).
    Removing am_hal_gpio.o(.constdata), (4 bytes).
    Removing am_hal_gpio.o(.constdata), (4 bytes).
    Removing am_hal_gpio.o(.constdata), (4 bytes).
    Removing am_hal_gpio.o(.constdata), (4 bytes).
    Removing am_hal_gpio.o(.constdata), (4 bytes).
    Removing am_hal_gpio.o(.constdata), (4 bytes).
    Removing am_hal_gpio.o(.constdata), (4 bytes).
    Removing am_hal_gpio.o(.constdata), (4 bytes).
    Removing am_hal_gpio.o(.constdata), (4 bytes).
    Removing am_hal_interrupt.o(.rev16_text), (4 bytes).
    Removing am_hal_interrupt.o(.revsh_text), (4 bytes).
    Removing am_hal_interrupt.o(.rrx_text), (6 bytes).
    Removing am_hal_itm.o(.rev16_text), (4 bytes).
    Removing am_hal_itm.o(.revsh_text), (4 bytes).
    Removing am_hal_itm.o(.rrx_text), (6 bytes).
    Removing am_hal_itm.o(i.am_hal_itm_not_busy), (24 bytes).
    Removing am_hal_itm.o(i.am_hal_itm_print_not_busy), (14 bytes).
    Removing am_hal_itm.o(i.am_hal_itm_stimulus_not_busy), (18 bytes).
    Removing am_hal_itm.o(i.am_hal_itm_stimulus_reg_byte_write), (18 bytes).
    Removing am_hal_itm.o(i.am_hal_itm_stimulus_reg_short_write), (18 bytes).
    Removing am_hal_itm.o(i.am_hal_itm_stimulus_reg_word_write), (18 bytes).
    Removing am_hal_itm.o(i.am_hal_itm_sync_send), (20 bytes).
    Removing am_hal_itm.o(i.am_hal_itm_trace_port_disable), (24 bytes).
    Removing am_hal_itm.o(i.am_hal_itm_trace_port_enable), (24 bytes).
    Removing am_hal_pwrctrl.o(.rev16_text), (4 bytes).
    Removing am_hal_pwrctrl.o(.revsh_text), (4 bytes).
    Removing am_hal_pwrctrl.o(.rrx_text), (6 bytes).
    Removing am_hal_pwrctrl.o(i.am_hal_pwrctrl_blebuck_trim), (76 bytes).
    Removing am_hal_pwrctrl.o(i.am_hal_pwrctrl_ldo_vddx_active_trim_adj), (124 bytes).
    Removing am_hal_pwrctrl.o(i.am_hal_pwrctrl_memory_deepsleep_powerdown), (40 bytes).
    Removing am_hal_pwrctrl.o(i.am_hal_pwrctrl_memory_deepsleep_retain), (44 bytes).
    Removing am_hal_pwrctrl.o(i.am_hal_pwrctrl_memory_enable), (108 bytes).
    Removing am_hal_pwrctrl.o(i.am_hal_pwrctrl_periph_enabled), (72 bytes).
    Removing am_hal_pwrctrl.o(i.am_hal_pwrctrl_simobuck_vddx_active_trim_adj), (120 bytes).
    Removing am_hal_reset.o(.rev16_text), (4 bytes).
    Removing am_hal_reset.o(.revsh_text), (4 bytes).
    Removing am_hal_reset.o(.rrx_text), (6 bytes).
    Removing am_hal_reset.o(i.am_hal_reset_configure), (82 bytes).
    Removing am_hal_reset.o(i.am_hal_reset_control), (56 bytes).
    Removing am_hal_reset.o(i.am_hal_reset_interrupt_clear), (12 bytes).
    Removing am_hal_reset.o(i.am_hal_reset_interrupt_disable), (34 bytes).
    Removing am_hal_reset.o(i.am_hal_reset_interrupt_enable), (34 bytes).
    Removing am_hal_reset.o(i.am_hal_reset_interrupt_status_get), (22 bytes).
    Removing am_hal_reset.o(i.am_hal_reset_status_get), (116 bytes).
    Removing am_hal_rtc.o(.rev16_text), (4 bytes).
    Removing am_hal_rtc.o(.revsh_text), (4 bytes).
    Removing am_hal_rtc.o(.rrx_text), (6 bytes).
    Removing am_hal_rtc.o(i.am_hal_rtc_alarm_get), (162 bytes).
    Removing am_hal_rtc.o(i.am_hal_rtc_alarm_interval_set), (62 bytes).
    Removing am_hal_rtc.o(i.am_hal_rtc_alarm_set), (320 bytes).
    Removing am_hal_rtc.o(i.am_hal_rtc_int_clear), (10 bytes).
    Removing am_hal_rtc.o(i.am_hal_rtc_int_disable), (18 bytes).
    Removing am_hal_rtc.o(i.am_hal_rtc_int_enable), (16 bytes).
    Removing am_hal_rtc.o(i.am_hal_rtc_int_enable_get), (10 bytes).
    Removing am_hal_rtc.o(i.am_hal_rtc_int_set), (10 bytes).
    Removing am_hal_rtc.o(i.am_hal_rtc_int_status_get), (24 bytes).
    Removing am_hal_rtc.o(i.am_hal_rtc_osc_enable), (18 bytes).
    Removing am_hal_rtc.o(i.am_hal_rtc_osc_select), (20 bytes).
    Removing am_hal_rtc.o(i.am_hal_rtc_time_12hour), (18 bytes).
    Removing am_hal_rtc.o(i.am_hal_rtc_time_get), (202 bytes).
    Removing am_hal_rtc.o(i.am_hal_rtc_time_set), (448 bytes).
    Removing am_hal_tpiu.o(.rev16_text), (4 bytes).
    Removing am_hal_tpiu.o(.revsh_text), (4 bytes).
    Removing am_hal_tpiu.o(.rrx_text), (6 bytes).
    Removing am_hal_tpiu.o(i.am_hal_tpiu_clock_disable), (20 bytes).
    Removing am_hal_tpiu.o(i.am_hal_tpiu_clock_enable), (20 bytes).
    Removing am_hal_tpiu.o(i.am_hal_tpiu_configure), (48 bytes).
    Removing am_hal_tpiu.o(i.am_hal_tpiu_disable), (16 bytes).
    Removing am_hal_tpiu.o(i.am_hal_tpiu_port_width_get), (40 bytes).
    Removing am_hal_tpiu.o(i.am_hal_tpiu_port_width_set), (20 bytes).
    Removing am_hal_tpiu.o(i.am_hal_tpiu_supported_port_width_get), (56 bytes).
    Removing am_hal_uart.o(.rev16_text), (4 bytes).
    Removing am_hal_uart.o(.revsh_text), (4 bytes).
    Removing am_hal_uart.o(.rrx_text), (6 bytes).
    Removing am_hal_uart.o(i.am_hal_uart_configure), (592 bytes).
    Removing am_hal_uart.o(i.am_hal_uart_control), (34 bytes).
    Removing am_hal_uart.o(i.am_hal_uart_fifo_read), (108 bytes).
    Removing am_hal_uart.o(i.am_hal_uart_fifo_write), (140 bytes).
    Removing am_hal_uart.o(i.am_hal_uart_flags_get), (60 bytes).
    Removing am_hal_uart.o(i.am_hal_uart_initialize), (84 bytes).
    Removing am_hal_uart.o(i.am_hal_uart_interrupt_clear), (48 bytes).
    Removing am_hal_uart.o(i.am_hal_uart_interrupt_disable), (56 bytes).
    Removing am_hal_uart.o(i.am_hal_uart_interrupt_enable), (52 bytes).
    Removing am_hal_uart.o(i.am_hal_uart_interrupt_enable_get), (52 bytes).
    Removing am_hal_uart.o(i.am_hal_uart_interrupt_service), (364 bytes).
    Removing am_hal_uart.o(i.am_hal_uart_interrupt_status_get), (60 bytes).
    Removing am_hal_uart.o(i.am_hal_uart_transfer), (904 bytes).
    Removing am_hal_uart.o(i.read_nonblocking), (296 bytes).
    Removing am_hal_uart.o(i.write_nonblocking), (272 bytes).
    Removing am_hal_uart.o(.bss), (208 bytes).
    Removing am_bsp_pins.o(.rev16_text), (4 bytes).
    Removing am_bsp_pins.o(.revsh_text), (4 bytes).
    Removing am_bsp_pins.o(.rrx_text), (6 bytes).
    Removing am_bsp_pins.o(.constdata), (4 bytes).
    Removing am_bsp_pins.o(.constdata), (4 bytes).
    Removing am_bsp_pins.o(.constdata), (4 bytes).
    Removing am_bsp_pins.o(.constdata), (4 bytes).
    Removing am_bsp_pins.o(.constdata), (4 bytes).
    Removing am_bsp_pins.o(.constdata), (4 bytes).
    Removing am_bsp_pins.o(.constdata), (4 bytes).
    Removing am_bsp_pins.o(.constdata), (4 bytes).
    Removing am_bsp_pins.o(.constdata), (4 bytes).
    Removing am_bsp_pins.o(.constdata), (4 bytes).
    Removing am_bsp_pins.o(.constdata), (4 bytes).
    Removing am_bsp_pins.o(.constdata), (4 bytes).
    Removing am_bsp_pins.o(.constdata), (4 bytes).
    Removing am_bsp_pins.o(.constdata), (4 bytes).
    Removing am_bsp_pins.o(.constdata), (4 bytes).
    Removing am_bsp_pins.o(.constdata), (4 bytes).
    Removing am_bsp_pins.o(.constdata), (4 bytes).
    Removing am_bsp_pins.o(.constdata), (4 bytes).
    Removing am_bsp_pins.o(.constdata), (4 bytes).
    Removing am_bsp_pins.o(.constdata), (4 bytes).
    Removing am_bsp_pins.o(.constdata), (4 bytes).
    Removing am_bsp_pins.o(.constdata), (4 bytes).
    Removing am_bsp_pins.o(.constdata), (4 bytes).
    Removing am_bsp_pins.o(.constdata), (4 bytes).
    Removing am_bsp_pins.o(.constdata), (4 bytes).
    Removing am_bsp_pins.o(.constdata), (4 bytes).
    Removing am_bsp_pins.o(.constdata), (4 bytes).
    Removing am_bsp_pins.o(.constdata), (4 bytes).
    Removing am_bsp_pins.o(.constdata), (4 bytes).
    Removing am_bsp_pins.o(.constdata), (4 bytes).
    Removing am_bsp_pins.o(.constdata), (4 bytes).
    Removing am_bsp_pins.o(.constdata), (4 bytes).
    Removing am_bsp_pins.o(.constdata), (4 bytes).
    Removing am_bsp_pins.o(.constdata), (4 bytes).
    Removing am_bsp_pins.o(.constdata), (4 bytes).
    Removing am_bsp_pins.o(.constdata), (4 bytes).
    Removing am_bsp_pins.o(.constdata), (4 bytes).
    Removing am_bsp_pins.o(.constdata), (4 bytes).
    Removing am_bsp_pins.o(.constdata), (4 bytes).
    Removing am_bsp_pins.o(.constdata), (4 bytes).
    Removing am_bsp_pins.o(.constdata), (4 bytes).
    Removing am_bsp_pins.o(.constdata), (4 bytes).
    Removing am_bsp_pins.o(.constdata), (4 bytes).
    Removing am_bsp_pins.o(.constdata), (4 bytes).
    Removing am_bsp_pins.o(.constdata), (4 bytes).
    Removing am_bsp_pins.o(.constdata), (4 bytes).
    Removing am_bsp_pins.o(.constdata), (4 bytes).
    Removing am_bsp_pins.o(.constdata), (4 bytes).
    Removing am_bsp_pins.o(.constdata), (4 bytes).
    Removing am_bsp_pins.o(.constdata), (4 bytes).
    Removing am_bsp_pins.o(.constdata), (4 bytes).
    Removing am_bsp_pins.o(.constdata), (4 bytes).
    Removing am_bsp_pins.o(.constdata), (4 bytes).
    Removing am_bsp_pins.o(.constdata), (4 bytes).
    Removing am_bsp_pins.o(.constdata), (4 bytes).
    Removing am_bsp_pins.o(.constdata), (4 bytes).
    Removing am_bsp_pins.o(.constdata), (4 bytes).
    Removing am_bsp_pins.o(.constdata), (4 bytes).
    Removing am_bsp_pins.o(.constdata), (4 bytes).
    Removing am_bsp_pins.o(.constdata), (4 bytes).
    Removing am_bsp_pins.o(.constdata), (4 bytes).
    Removing am_bsp_pins.o(.constdata), (4 bytes).
    Removing am_bsp_pins.o(.constdata), (4 bytes).
    Removing am_bsp_pins.o(.constdata), (4 bytes).
    Removing am_bsp_pins.o(.constdata), (4 bytes).
    Removing am_bsp_pins.o(.constdata), (4 bytes).
    Removing am_bsp_pins.o(.constdata), (4 bytes).
    Removing am_bsp_pins.o(.constdata), (4 bytes).
    Removing am_bsp_pins.o(.constdata), (4 bytes).
    Removing am_bsp_pins.o(.constdata), (4 bytes).
    Removing am_bsp_pins.o(.constdata), (4 bytes).
    Removing am_bsp_pins.o(.constdata), (4 bytes).
    Removing am_bsp_pins.o(.constdata), (4 bytes).
    Removing am_bsp_pins.o(.constdata), (4 bytes).
    Removing am_bsp_pins.o(.constdata), (4 bytes).
    Removing am_bsp_pins.o(.constdata), (4 bytes).
    Removing am_bsp_pins.o(.constdata), (4 bytes).
    Removing am_bsp_pins.o(.constdata), (4 bytes).
    Removing am_bsp_pins.o(.constdata), (4 bytes).
    Removing am_bsp_pins.o(.constdata), (4 bytes).
    Removing am_bsp_pins.o(.constdata), (4 bytes).
    Removing am_bsp_pins.o(.constdata), (4 bytes).
    Removing am_bsp_pins.o(.constdata), (4 bytes).
    Removing am_bsp_pins.o(.constdata), (4 bytes).
    Removing am_bsp_pins.o(.constdata), (4 bytes).
    Removing am_bsp_pins.o(.constdata), (4 bytes).
    Removing am_bsp_pins.o(.constdata), (4 bytes).
    Removing am_bsp_pins.o(.constdata), (4 bytes).
    Removing am_bsp_pins.o(.constdata), (4 bytes).
    Removing am_bsp_pins.o(.constdata), (4 bytes).
    Removing am_bsp_pins.o(.constdata), (4 bytes).
    Removing am_bsp_pins.o(.constdata), (4 bytes).
    Removing am_bsp_pins.o(.constdata), (4 bytes).
    Removing am_bsp_pins.o(.constdata), (4 bytes).
    Removing am_bsp_pins.o(.constdata), (4 bytes).
    Removing am_bsp_pins.o(.constdata), (4 bytes).
    Removing am_bsp_pins.o(.constdata), (4 bytes).
    Removing am_bsp_pins.o(.constdata), (4 bytes).
    Removing am_bsp_pins.o(.constdata), (4 bytes).
    Removing am_bsp_pins.o(.constdata), (4 bytes).
    Removing am_hal_queue.o(.rev16_text), (4 bytes).
    Removing am_hal_queue.o(.revsh_text), (4 bytes).
    Removing am_hal_queue.o(.rrx_text), (6 bytes).
    Removing am_hal_queue.o(i.am_hal_queue_init), (24 bytes).
    Removing am_hal_queue.o(i.am_hal_queue_item_add), (86 bytes).
    Removing am_hal_queue.o(i.am_hal_queue_item_get), (82 bytes).

341 unused section(s) (total 17760 bytes) removed from the image.

==============================================================================

Image Symbol Table

    Local Symbols

    Symbol Name                              Value     Ov Type        Size  Object(Section)

    ../../../../../utils/am_util_delay.c     0x00000000   Number         0  am_util_delay.o ABSOLUTE
    ../../../../../utils/am_util_faultisr.c  0x00000000   Number         0  am_util_faultisr.o ABSOLUTE
    ../../../../../utils/am_util_id.c        0x00000000   Number         0  am_util_id.o ABSOLUTE
    ../../../../../utils/am_util_stdio.c     0x00000000   Number         0  am_util_stdio.o ABSOLUTE
    ../am_bsp.c                              0x00000000   Number         0  am_bsp.o ABSOLUTE
    ../am_bsp_pins.c                         0x00000000   Number         0  am_bsp_pins.o ABSOLUTE
    ../am_hal_burst.c                        0x00000000   Number         0  am_hal_burst.o ABSOLUTE
    ../am_hal_cachectrl.c                    0x00000000   Number         0  am_hal_cachectrl.o ABSOLUTE
    ../am_hal_clkgen.c                       0x00000000   Number         0  am_hal_clkgen.o ABSOLUTE
    ../am_hal_flash.c                        0x00000000   Number         0  am_hal_flash.o ABSOLUTE
    ../am_hal_global.c                       0x00000000   Number         0  am_hal_global.o ABSOLUTE
    ../am_hal_gpio.c                         0x00000000   Number         0  am_hal_gpio.o ABSOLUTE
    ../am_hal_interrupt.c                    0x00000000   Number         0  am_hal_interrupt.o ABSOLUTE
    ../am_hal_itm.c                          0x00000000   Number         0  am_hal_itm.o ABSOLUTE
    ../am_hal_mcuctrl.c                      0x00000000   Number         0  am_hal_mcuctrl.o ABSOLUTE
    ../am_hal_pwrctrl.c                      0x00000000   Number         0  am_hal_pwrctrl.o ABSOLUTE
    ../am_hal_queue.c                        0x00000000   Number         0  am_hal_queue.o ABSOLUTE
    ../am_hal_reset.c                        0x00000000   Number         0  am_hal_reset.o ABSOLUTE
    ../am_hal_rtc.c                          0x00000000   Number         0  am_hal_rtc.o ABSOLUTE
    ../am_hal_security.c                     0x00000000   Number         0  am_hal_security.o ABSOLUTE
    ../am_hal_sysctrl.c                      0x00000000   Number         0  am_hal_sysctrl.o ABSOLUTE
    ../am_hal_tpiu.c                         0x00000000   Number         0  am_hal_tpiu.o ABSOLUTE
    ../am_hal_uart.c                         0x00000000   Number         0  am_hal_uart.o ABSOLUTE
    ../clib/angel/boardlib.s                 0x00000000   Number         0  boardinit3.o ABSOLUTE
    ../clib/angel/boardlib.s                 0x00000000   Number         0  boardshut.o ABSOLUTE
    ../clib/angel/boardlib.s                 0x00000000   Number         0  boardinit1.o ABSOLUTE
    ../clib/angel/boardlib.s                 0x00000000   Number         0  boardinit2.o ABSOLUTE
    ../clib/angel/handlers.s                 0x00000000   Number         0  __scatter_zi.o ABSOLUTE
    ../clib/angel/handlers.s                 0x00000000   Number         0  __scatter_copy.o ABSOLUTE
    ../clib/angel/kernel.s                   0x00000000   Number         0  __rtentry.o ABSOLUTE
    ../clib/angel/kernel.s                   0x00000000   Number         0  __rtentry4.o ABSOLUTE
    ../clib/angel/kernel.s                   0x00000000   Number         0  __rtentry2.o ABSOLUTE
    ../clib/angel/kernel.s                   0x00000000   Number         0  rtexit2.o ABSOLUTE
    ../clib/angel/kernel.s                   0x00000000   Number         0  rtexit.o ABSOLUTE
    ../clib/angel/rt.s                       0x00000000   Number         0  rt_raise.o ABSOLUTE
    ../clib/angel/scatter.s                  0x00000000   Number         0  __scatter.o ABSOLUTE
    ../clib/angel/startup.s                  0x00000000   Number         0  __main.o ABSOLUTE
    ../clib/angel/sys.s                      0x00000000   Number         0  indicate_semi.o ABSOLUTE
    ../clib/angel/sys.s                      0x00000000   Number         0  use_no_semi.o ABSOLUTE
    ../clib/angel/sys.s                      0x00000000   Number         0  sys_stackheap_outer.o ABSOLUTE
    ../clib/angel/sys.s                      0x00000000   Number         0  libspace.o ABSOLUTE
    ../clib/angel/sysapp.c                   0x00000000   Number         0  sys_wrch.o ABSOLUTE
    ../clib/angel/sysapp.c                   0x00000000   Number         0  sys_command.o ABSOLUTE
    ../clib/angel/sysapp.c                   0x00000000   Number         0  sys_exit.o ABSOLUTE
    ../clib/armsys.c                         0x00000000   Number         0  no_argv.o ABSOLUTE
    ../clib/armsys.c                         0x00000000   Number         0  argv_veneer.o ABSOLUTE
    ../clib/armsys.c                         0x00000000   Number         0  _get_argv_nomalloc.o ABSOLUTE
    ../clib/armsys.c                         0x00000000   Number         0  argv_veneer.o ABSOLUTE
    ../clib/heapalloc.c                      0x00000000   Number         0  hrguard.o ABSOLUTE
    ../clib/heapaux.c                        0x00000000   Number         0  heapauxi.o ABSOLUTE
    ../clib/libinit.s                        0x00000000   Number         0  libinit2.o ABSOLUTE
    ../clib/libinit.s                        0x00000000   Number         0  libshutdown2.o ABSOLUTE
    ../clib/libinit.s                        0x00000000   Number         0  libshutdown.o ABSOLUTE
    ../clib/libinit.s                        0x00000000   Number         0  libinit.o ABSOLUTE
    ../clib/longlong.s                       0x00000000   Number         0  llshl.o ABSOLUTE
    ../clib/memcpset.s                       0x00000000   Number         0  rt_memclr_w.o ABSOLUTE
    ../clib/signal.c                         0x00000000   Number         0  __raise.o ABSOLUTE
    ../clib/signal.c                         0x00000000   Number         0  defsig_other.o ABSOLUTE
    ../clib/signal.c                         0x00000000   Number         0  defsig_rtmem_formal.o ABSOLUTE
    ../clib/signal.c                         0x00000000   Number         0  defsig_rtmem_inner.o ABSOLUTE
    ../clib/signal.c                         0x00000000   Number         0  defsig_exit.o ABSOLUTE
    ../clib/signal.c                         0x00000000   Number         0  defsig_stak_inner.o ABSOLUTE
    ../clib/signal.c                         0x00000000   Number         0  defsig_rtmem_outer.o ABSOLUTE
    ../clib/signal.c                         0x00000000   Number         0  defsig_general.o ABSOLUTE
    ../clib/signal.c                         0x00000000   Number         0  defsig_abrt_inner.o ABSOLUTE
    ../clib/signal.c                         0x00000000   Number         0  defsig_fpe_inner.o ABSOLUTE
    ../clib/signal.c                         0x00000000   Number         0  defsig_rtred_inner.o ABSOLUTE
    ../clib/signal.c                         0x00000000   Number         0  defsig_pvfn_inner.o ABSOLUTE
    ../clib/signal.c                         0x00000000   Number         0  defsig_cppl_inner.o ABSOLUTE
    ../clib/signal.c                         0x00000000   Number         0  defsig_segv_inner.o ABSOLUTE
    ../clib/signal.s                         0x00000000   Number         0  defsig.o ABSOLUTE
    ../clib/stdlib.c                         0x00000000   Number         0  exit.o ABSOLUTE
    ../fplib/d2f.s                           0x00000000   Number         0  d2f.o ABSOLUTE
    ../fplib/dnaninf.s                       0x00000000   Number         0  dnaninf.o ABSOLUTE
    ../fplib/fpinit.s                        0x00000000   Number         0  fpinit.o ABSOLUTE
    ../fplib/fretinf.s                       0x00000000   Number         0  fretinf.o ABSOLUTE
    ../fplib/usenofp.s                       0x00000000   Number         0  usenofp.o ABSOLUTE
    ../keil/startup_keil.s                   0x00000000   Number         0  startup_keil.o ABSOLUTE
    ../src/hello_world.c                     0x00000000   Number         0  hello_world.o ABSOLUTE
    ..\..\..\..\..\utils\am_util_delay.c     0x00000000   Number         0  am_util_delay.o ABSOLUTE
    ..\..\..\..\..\utils\am_util_faultisr.c  0x00000000   Number         0  am_util_faultisr.o ABSOLUTE
    ..\..\..\..\..\utils\am_util_id.c        0x00000000   Number         0  am_util_id.o ABSOLUTE
    ..\am_bsp.c                              0x00000000   Number         0  am_bsp.o ABSOLUTE
    ..\am_bsp_pins.c                         0x00000000   Number         0  am_bsp_pins.o ABSOLUTE
    ..\am_hal_burst.c                        0x00000000   Number         0  am_hal_burst.o ABSOLUTE
    ..\am_hal_cachectrl.c                    0x00000000   Number         0  am_hal_cachectrl.o ABSOLUTE
    ..\am_hal_clkgen.c                       0x00000000   Number         0  am_hal_clkgen.o ABSOLUTE
    ..\am_hal_flash.c                        0x00000000   Number         0  am_hal_flash.o ABSOLUTE
    ..\am_hal_global.c                       0x00000000   Number         0  am_hal_global.o ABSOLUTE
    ..\am_hal_gpio.c                         0x00000000   Number         0  am_hal_gpio.o ABSOLUTE
    ..\am_hal_interrupt.c                    0x00000000   Number         0  am_hal_interrupt.o ABSOLUTE
    ..\am_hal_itm.c                          0x00000000   Number         0  am_hal_itm.o ABSOLUTE
    ..\am_hal_mcuctrl.c                      0x00000000   Number         0  am_hal_mcuctrl.o ABSOLUTE
    ..\am_hal_pwrctrl.c                      0x00000000   Number         0  am_hal_pwrctrl.o ABSOLUTE
    ..\am_hal_queue.c                        0x00000000   Number         0  am_hal_queue.o ABSOLUTE
    ..\am_hal_reset.c                        0x00000000   Number         0  am_hal_reset.o ABSOLUTE
    ..\am_hal_rtc.c                          0x00000000   Number         0  am_hal_rtc.o ABSOLUTE
    ..\am_hal_security.c                     0x00000000   Number         0  am_hal_security.o ABSOLUTE
    ..\am_hal_sysctrl.c                      0x00000000   Number         0  am_hal_sysctrl.o ABSOLUTE
    ..\am_hal_tpiu.c                         0x00000000   Number         0  am_hal_tpiu.o ABSOLUTE
    ..\am_hal_uart.c                         0x00000000   Number         0  am_hal_uart.o ABSOLUTE
    ..\src\hello_world.c                     0x00000000   Number         0  hello_world.o ABSOLUTE
    dc.s                                     0x00000000   Number         0  dc.o ABSOLUTE
    RESET                                    0x0000c100   Section      308  startup_keil.o(RESET)
    $v0                                      0x0000c200   Number         0  startup_keil.o(RESET)
    !!!main                                  0x0000c234   Section        8  __main.o(!!!main)
    !!!scatter                               0x0000c23c   Section       52  __scatter.o(!!!scatter)
    !!handler_copy                           0x0000c270   Section       26  __scatter_copy.o(!!handler_copy)
    !!handler_zi                             0x0000c28c   Section       28  __scatter_zi.o(!!handler_zi)
    .ARM.Collect$$libinit$$00000000          0x0000c2a8   Section        2  libinit.o(.ARM.Collect$$libinit$$00000000)
    .ARM.Collect$$libinit$$00000001          0x0000c2aa   Section        4  libinit2.o(.ARM.Collect$$libinit$$00000001)
    .ARM.Collect$$libinit$$00000004          0x0000c2ae   Section        0  libinit2.o(.ARM.Collect$$libinit$$00000004)
    .ARM.Collect$$libinit$$0000000A          0x0000c2ae   Section        0  libinit2.o(.ARM.Collect$$libinit$$0000000A)
    .ARM.Collect$$libinit$$0000000C          0x0000c2ae   Section        0  libinit2.o(.ARM.Collect$$libinit$$0000000C)
    .ARM.Collect$$libinit$$0000000E          0x0000c2ae   Section        0  libinit2.o(.ARM.Collect$$libinit$$0000000E)
    .ARM.Collect$$libinit$$00000011          0x0000c2ae   Section        0  libinit2.o(.ARM.Collect$$libinit$$00000011)
    .ARM.Collect$$libinit$$00000013          0x0000c2ae   Section        0  libinit2.o(.ARM.Collect$$libinit$$00000013)
    .ARM.Collect$$libinit$$00000015          0x0000c2ae   Section        0  libinit2.o(.ARM.Collect$$libinit$$00000015)
    .ARM.Collect$$libinit$$00000017          0x0000c2ae   Section        0  libinit2.o(.ARM.Collect$$libinit$$00000017)
    .ARM.Collect$$libinit$$00000019          0x0000c2ae   Section        0  libinit2.o(.ARM.Collect$$libinit$$00000019)
    .ARM.Collect$$libinit$$0000001B          0x0000c2ae   Section        0  libinit2.o(.ARM.Collect$$libinit$$0000001B)
    .ARM.Collect$$libinit$$0000001D          0x0000c2ae   Section        0  libinit2.o(.ARM.Collect$$libinit$$0000001D)
    .ARM.Collect$$libinit$$0000001F          0x0000c2ae   Section        0  libinit2.o(.ARM.Collect$$libinit$$0000001F)
    .ARM.Collect$$libinit$$00000021          0x0000c2ae   Section        0  libinit2.o(.ARM.Collect$$libinit$$00000021)
    .ARM.Collect$$libinit$$00000023          0x0000c2ae   Section        0  libinit2.o(.ARM.Collect$$libinit$$00000023)
    .ARM.Collect$$libinit$$00000025          0x0000c2ae   Section        0  libinit2.o(.ARM.Collect$$libinit$$00000025)
    .ARM.Collect$$libinit$$0000002C          0x0000c2ae   Section        0  libinit2.o(.ARM.Collect$$libinit$$0000002C)
    .ARM.Collect$$libinit$$0000002E          0x0000c2ae   Section        0  libinit2.o(.ARM.Collect$$libinit$$0000002E)
    .ARM.Collect$$libinit$$00000030          0x0000c2ae   Section        0  libinit2.o(.ARM.Collect$$libinit$$00000030)
    .ARM.Collect$$libinit$$00000032          0x0000c2ae   Section        0  libinit2.o(.ARM.Collect$$libinit$$00000032)
    .ARM.Collect$$libinit$$00000033          0x0000c2ae   Section        2  libinit2.o(.ARM.Collect$$libinit$$00000033)
    .ARM.Collect$$libshutdown$$00000000      0x0000c2b0   Section        2  libshutdown.o(.ARM.Collect$$libshutdown$$00000000)
    .ARM.Collect$$libshutdown$$00000002      0x0000c2b2   Section        0  libshutdown2.o(.ARM.Collect$$libshutdown$$00000002)
    .ARM.Collect$$libshutdown$$00000004      0x0000c2b2   Section        0  libshutdown2.o(.ARM.Collect$$libshutdown$$00000004)
    .ARM.Collect$$libshutdown$$00000006      0x0000c2b2   Section        0  libshutdown2.o(.ARM.Collect$$libshutdown$$00000006)
    .ARM.Collect$$libshutdown$$00000009      0x0000c2b2   Section        0  libshutdown2.o(.ARM.Collect$$libshutdown$$00000009)
    .ARM.Collect$$libshutdown$$0000000C      0x0000c2b2   Section        0  libshutdown2.o(.ARM.Collect$$libshutdown$$0000000C)
    .ARM.Collect$$libshutdown$$0000000E      0x0000c2b2   Section        0  libshutdown2.o(.ARM.Collect$$libshutdown$$0000000E)
    .ARM.Collect$$libshutdown$$00000011      0x0000c2b2   Section        0  libshutdown2.o(.ARM.Collect$$libshutdown$$00000011)
    .ARM.Collect$$libshutdown$$00000012      0x0000c2b2   Section        2  libshutdown2.o(.ARM.Collect$$libshutdown$$00000012)
    .ARM.Collect$$rtentry$$00000000          0x0000c2b4   Section        0  __rtentry.o(.ARM.Collect$$rtentry$$00000000)
    .ARM.Collect$$rtentry$$00000002          0x0000c2b4   Section        0  __rtentry2.o(.ARM.Collect$$rtentry$$00000002)
    .ARM.Collect$$rtentry$$00000004          0x0000c2b4   Section        6  __rtentry4.o(.ARM.Collect$$rtentry$$00000004)
    .ARM.Collect$$rtentry$$00000009          0x0000c2ba   Section        0  __rtentry2.o(.ARM.Collect$$rtentry$$00000009)
    .ARM.Collect$$rtentry$$0000000A          0x0000c2ba   Section        4  __rtentry2.o(.ARM.Collect$$rtentry$$0000000A)
    .ARM.Collect$$rtentry$$0000000C          0x0000c2be   Section        0  __rtentry2.o(.ARM.Collect$$rtentry$$0000000C)
    .ARM.Collect$$rtentry$$0000000D          0x0000c2be   Section        8  __rtentry2.o(.ARM.Collect$$rtentry$$0000000D)
    .ARM.Collect$$rtexit$$00000000           0x0000c2c6   Section        2  rtexit.o(.ARM.Collect$$rtexit$$00000000)
    .ARM.Collect$$rtexit$$00000002           0x0000c2c8   Section        0  rtexit2.o(.ARM.Collect$$rtexit$$00000002)
    .ARM.Collect$$rtexit$$00000003           0x0000c2c8   Section        4  rtexit2.o(.ARM.Collect$$rtexit$$00000003)
    .ARM.Collect$$rtexit$$00000004           0x0000c2cc   Section        6  rtexit2.o(.ARM.Collect$$rtexit$$00000004)
    .emb_text                                0x0000c2d4   Section       34  am_util_faultisr.o(.emb_text)
    $v0                                      0x0000c2d4   Number         0  am_util_faultisr.o(.emb_text)
    .emb_text                                0x0000c2f8   Section       22  am_hal_interrupt.o(.emb_text)
    $v0                                      0x0000c2f8   Number         0  am_hal_interrupt.o(.emb_text)
    .text                                    0x0000c310   Section       24  startup_keil.o(.text)
    $v0                                      0x0000c310   Number         0  startup_keil.o(.text)
    .text                                    0x0000c328   Section       78  rt_memclr_w.o(.text)
    .text                                    0x0000c376   Section        0  heapauxi.o(.text)
    .text                                    0x0000c37c   Section       74  sys_stackheap_outer.o(.text)
    .text                                    0x0000c3c6   Section        0  exit.o(.text)
    .text                                    0x0000c3d8   Section        8  libspace.o(.text)
    .text                                    0x0000c3e0   Section        0  sys_exit.o(.text)
    .text                                    0x0000c3ec   Section        2  use_no_semi.o(.text)
    .text                                    0x0000c3ee   Section        0  indicate_semi.o(.text)
    i.am_bsp_debug_printf_disable            0x0000c3f0   Section        0  am_bsp.o(i.am_bsp_debug_printf_disable)
    i.am_bsp_itm_printf_enable               0x0000c450   Section        0  am_bsp.o(i.am_bsp_itm_printf_enable)
    i.am_bsp_low_power_init                  0x0000c48c   Section        0  am_bsp.o(i.am_bsp_low_power_init)
    i.am_hal_burst_ldo_charge                0x0000c4d0   Section        0  am_hal_burst.o(i.am_hal_burst_ldo_charge)
    i.am_hal_burst_ldo_patch_check           0x0000c57c   Section        0  am_hal_burst.o(i.am_hal_burst_ldo_patch_check)
    i.am_hal_burst_mode_disable_w_manual_sequence 0x0000c590   Section        0  am_hal_burst.o(i.am_hal_burst_mode_disable_w_manual_sequence)
    i.am_hal_burst_mode_enable_w_manual_sequence 0x0000c620   Section        0  am_hal_burst.o(i.am_hal_burst_mode_enable_w_manual_sequence)
    i.am_hal_cachectrl_config                0x0000c7f8   Section        0  am_hal_cachectrl.o(i.am_hal_cachectrl_config)
    i.am_hal_cachectrl_control               0x0000c844   Section        0  am_hal_cachectrl.o(i.am_hal_cachectrl_control)
    i.am_hal_cachectrl_enable                0x0000cbf0   Section        0  am_hal_cachectrl.o(i.am_hal_cachectrl_enable)
    i.am_hal_clkgen_control                  0x0000cc04   Section        0  am_hal_clkgen.o(i.am_hal_clkgen_control)
    i.am_hal_clkgen_status_get               0x0000cd00   Section        0  am_hal_clkgen.o(i.am_hal_clkgen_status_get)
    i.am_hal_flash_delay                     0x0000cd34   Section        0  am_hal_flash.o(i.am_hal_flash_delay)
    i.am_hal_flash_delay_status_check        0x0000cd58   Section        0  am_hal_flash.o(i.am_hal_flash_delay_status_check)
    i.am_hal_flash_load_ui32                 0x0000cdb4   Section        0  am_hal_flash.o(i.am_hal_flash_load_ui32)
    i.am_hal_flash_store_ui32                0x0000cdbc   Section        0  am_hal_flash.o(i.am_hal_flash_store_ui32)
    i.am_hal_gpio_pinconfig                  0x0000cde4   Section        0  am_hal_gpio.o(i.am_hal_gpio_pinconfig)
    i.am_hal_gpio_state_write                0x0000d064   Section        0  am_hal_gpio.o(i.am_hal_gpio_state_write)
    i.am_hal_itm_disable                     0x0000d0e4   Section        0  am_hal_itm.o(i.am_hal_itm_disable)
    i.am_hal_itm_enable                      0x0000d190   Section        0  am_hal_itm.o(i.am_hal_itm_enable)
    i.am_hal_itm_print                       0x0000d1d8   Section        0  am_hal_itm.o(i.am_hal_itm_print)
    i.am_hal_mcuctrl_info_get                0x0000d208   Section        0  am_hal_mcuctrl.o(i.am_hal_mcuctrl_info_get)
    i.am_hal_pwrctrl_bleif_workaround        0x0000d340   Section        0  am_hal_pwrctrl.o(i.am_hal_pwrctrl_bleif_workaround)
    i.am_hal_pwrctrl_ldo_vddx_active_trim_adj_default 0x0000d3f4   Section        0  am_hal_pwrctrl.o(i.am_hal_pwrctrl_ldo_vddx_active_trim_adj_default)
    i.am_hal_pwrctrl_low_power_init          0x0000d484   Section        0  am_hal_pwrctrl.o(i.am_hal_pwrctrl_low_power_init)
    i.am_hal_pwrctrl_periph_disable          0x0000d610   Section        0  am_hal_pwrctrl.o(i.am_hal_pwrctrl_periph_disable)
    i.am_hal_pwrctrl_periph_enable           0x0000d6e0   Section        0  am_hal_pwrctrl.o(i.am_hal_pwrctrl_periph_enable)
    i.am_hal_pwrctrl_simobuck_vddx_active_trim_adj_default 0x0000d750   Section        0  am_hal_pwrctrl.o(i.am_hal_pwrctrl_simobuck_vddx_active_trim_adj_default)
    i.am_hal_pwrctrl_wa_vddf_boost           0x0000d7f0   Section        0  am_hal_pwrctrl.o(i.am_hal_pwrctrl_wa_vddf_boost)
    i.am_hal_pwrctrl_wa_vddf_restore         0x0000d82c   Section        0  am_hal_pwrctrl.o(i.am_hal_pwrctrl_wa_vddf_restore)
    i.am_hal_rtc_osc_disable                 0x0000d868   Section        0  am_hal_rtc.o(i.am_hal_rtc_osc_disable)
    i.am_hal_security_get_info               0x0000d87c   Section        0  am_hal_security.o(i.am_hal_security_get_info)
    i.am_hal_sysctrl_sleep                   0x0000d8d4   Section        0  am_hal_sysctrl.o(i.am_hal_sysctrl_sleep)
    i.am_hal_tpiu_enable                     0x0000d978   Section        0  am_hal_tpiu.o(i.am_hal_tpiu_enable)
    i.am_hal_uart_deinitialize               0x0000da08   Section        0  am_hal_uart.o(i.am_hal_uart_deinitialize)
    i.am_hal_uart_power_control              0x0000da38   Section        0  am_hal_uart.o(i.am_hal_uart_power_control)
    i.am_hal_uart_tx_flush                   0x0000db3c   Section        0  am_hal_uart.o(i.am_hal_uart_tx_flush)
    i.am_util_faultisr_collect_data          0x0000db98   Section        0  am_util_faultisr.o(i.am_util_faultisr_collect_data)
    i.am_util_id_device                      0x0000dc50   Section        0  am_util_id.o(i.am_util_id_device)
    i.am_util_stdio_printf                   0x0000dcd8   Section        0  am_util_stdio.o(i.am_util_stdio_printf)
    i.am_util_stdio_printf_init              0x0000dd14   Section        0  am_util_stdio.o(i.am_util_stdio_printf_init)
    i.am_util_stdio_sprintf                  0x0000dd20   Section        0  am_util_stdio.o(i.am_util_stdio_sprintf)
    i.am_util_stdio_terminal_clear           0x0000dd44   Section        0  am_util_stdio.o(i.am_util_stdio_terminal_clear)
    i.am_util_stdio_vsprintf                 0x0000dd64   Section        0  am_util_stdio.o(i.am_util_stdio_vsprintf)
    i.chiprev_set                            0x0000e118   Section        0  am_util_id.o(i.chiprev_set)
    chiprev_set                              0x0000e119   Thumb Code    34  am_util_id.o(i.chiprev_set)
    i.decstr_to_int                          0x0000e13a   Section        0  am_util_stdio.o(i.decstr_to_int)
    decstr_to_int                            0x0000e13b   Thumb Code    66  am_util_stdio.o(i.decstr_to_int)
    i.divu64_10                              0x0000e17c   Section        0  am_util_stdio.o(i.divu64_10)
    divu64_10                                0x0000e17d   Thumb Code   204  am_util_stdio.o(i.divu64_10)
    i.ftoa                                   0x0000e248   Section        0  am_util_stdio.o(i.ftoa)
    ftoa                                     0x0000e249   Thumb Code   370  am_util_stdio.o(i.ftoa)
    i.main                                   0x0000e3c0   Section        0  hello_world.o(i.main)
    i.ndigits_in_hex                         0x0000e668   Section        0  am_util_stdio.o(i.ndigits_in_hex)
    ndigits_in_hex                           0x0000e669   Thumb Code    52  am_util_stdio.o(i.ndigits_in_hex)
    i.ndigits_in_i64                         0x0000e69c   Section        0  am_util_stdio.o(i.ndigits_in_i64)
    ndigits_in_i64                           0x0000e69d   Thumb Code    36  am_util_stdio.o(i.ndigits_in_i64)
    i.ndigits_in_u64                         0x0000e6c0   Section        0  am_util_stdio.o(i.ndigits_in_u64)
    ndigits_in_u64                           0x0000e6c1   Thumb Code    58  am_util_stdio.o(i.ndigits_in_u64)
    i.padbuffer                              0x0000e6fa   Section        0  am_util_stdio.o(i.padbuffer)
    padbuffer                                0x0000e6fb   Thumb Code    34  am_util_stdio.o(i.padbuffer)
    i.revmaj_get                             0x0000e71c   Section        0  am_util_id.o(i.revmaj_get)
    revmaj_get                               0x0000e71d   Thumb Code    12  am_util_id.o(i.revmaj_get)
    i.simple_strlen                          0x0000e728   Section        0  am_util_stdio.o(i.simple_strlen)
    simple_strlen                            0x0000e729   Thumb Code    24  am_util_stdio.o(i.simple_strlen)
    i.uint64_to_hexstr                       0x0000e740   Section        0  am_util_stdio.o(i.uint64_to_hexstr)
    uint64_to_hexstr                         0x0000e741   Thumb Code   138  am_util_stdio.o(i.uint64_to_hexstr)
    i.uint64_to_str                          0x0000e7ca   Section        0  am_util_stdio.o(i.uint64_to_str)
    uint64_to_str                            0x0000e7cb   Thumb Code   112  am_util_stdio.o(i.uint64_to_str)
    x$fpl$d2f                                0x0000e83c   Section       98  d2f.o(x$fpl$d2f)
    $v0                                      0x0000e83c   Number         0  d2f.o(x$fpl$d2f)
    x$fpl$dnaninf                            0x0000e89e   Section      156  dnaninf.o(x$fpl$dnaninf)
    $v0                                      0x0000e89e   Number         0  dnaninf.o(x$fpl$dnaninf)
    x$fpl$fpinit                             0x0000e93a   Section       10  fpinit.o(x$fpl$fpinit)
    $v0                                      0x0000e93a   Number         0  fpinit.o(x$fpl$fpinit)
    x$fpl$fretinf                            0x0000e944   Section       10  fretinf.o(x$fpl$fretinf)
    $v0                                      0x0000e944   Number         0  fretinf.o(x$fpl$fretinf)
    .constdata                               0x0000e94e   Section       43  am_util_id.o(.constdata)
    x$fpl$usenofp                            0x0000e94e   Section        0  usenofp.o(x$fpl$usenofp)
    g_DeviceNameApollo3p                     0x0000e94e   Data          18  am_util_id.o(.constdata)
    g_ui8VendorNameAmbq                      0x0000e960   Data           5  am_util_id.o(.constdata)
    g_ui8VendorNameUnknown                   0x0000e965   Data           5  am_util_id.o(.constdata)
    g_ui8DeviceNameUnknown                   0x0000e96a   Data          15  am_util_id.o(.constdata)
    .constdata                               0x0000e979   Section       14  am_hal_global.o(.constdata)
    .constdata                               0x0000e988   Section        4  am_hal_global.o(.constdata)
    .constdata                               0x0000e98c   Section        3  am_hal_cachectrl.o(.constdata)
    .constdata                               0x0000e990   Section       12  am_hal_flash.o(.constdata)
    .constdata                               0x0000e99c   Section      128  am_hal_mcuctrl.o(.constdata)
    .constdata                               0x0000ea1c   Section      522  am_hal_gpio.o(.constdata)
    g_ui8Inpen                               0x0000ea20   Data          74  am_hal_gpio.o(.constdata)
    g_ui8Bit76Capabilities                   0x0000ea6a   Data          74  am_hal_gpio.o(.constdata)
    g_ui8nCEpins                             0x0000eab4   Data          74  am_hal_gpio.o(.constdata)
    g_ui8NCEtable                            0x0000eafe   Data         296  am_hal_gpio.o(.constdata)
    .constdata                               0x0000ec28   Section        4  am_hal_gpio.o(.constdata)
    .constdata                               0x0000ec2c   Section      636  am_hal_pwrctrl.o(.constdata)
    .constdata                               0x0000eea8   Section        4  am_bsp_pins.o(.constdata)
    .conststring                             0x0000eeac   Section      108  hello_world.o(.conststring)
    STACK                                    0x10010000   Section     4096  startup_keil.o(STACK)
    StackMem                                 0x10010000   Data           0  startup_keil.o(STACK)
    .data                                    0x10011000   Section        5  am_util_stdio.o(.data)
    g_bTxtXlate                              0x10011004   Data           1  am_util_stdio.o(.data)
    .data                                    0x10011008   Section        4  am_hal_sysctrl.o(.data)
    .data                                    0x1001100c   Section       88  am_bsp.o(.data)
    g_ui32PrintInterface                     0x1001100c   Data           4  am_bsp.o(.data)
    g_sCOMUART                               0x10011010   Data           4  am_bsp.o(.data)
    g_sBspUartBufferedConfig                 0x1001103c   Data          40  am_bsp.o(.data)
    .data                                    0x10011064   Section        1  am_hal_burst.o(.data)
    .data                                    0x10011065   Section        2  am_hal_pwrctrl.o(.data)
    .data                                    0x10011068   Section        4  am_hal_reset.o(.data)
    .bss                                     0x1001106c   Section     1024  am_util_stdio.o(.bss)
    g_prfbuf                                 0x1001106c   Data        1024  am_util_stdio.o(.bss)
    .bss                                     0x1001146c   Section     1024  am_bsp.o(.bss)
    pui8UartTxBuffer                         0x1001146c   Data        1024  am_bsp.o(.bss)
    .bss                                     0x1001186c   Section     1024  am_bsp.o(.bss)
    pui8UartRxBuffer                         0x1001186c   Data        1024  am_bsp.o(.bss)
    .bss                                     0x10011c6c   Section       96  libspace.o(.bss)
    HEAP                                     0x10011cd0   Section        0  startup_keil.o(HEAP)
    HeapMem                                  0x10011cd0   Data           0  startup_keil.o(HEAP)

    Global Symbols

    Symbol Name                              Value     Ov Type        Size  Object(Section)

    BuildAttributes$$THM_ISAv4$E$P$D$K$B$S$7EM$VFPi3$EXTD16$VFPS$VFMA$PE$A:L22UL41UL21$X:L11$S22US41US21$IEEE1$IW$USESV6$~STKCKD$USESV7$~SHL$OTIME$ROPI$EBA8$UX$STANDARDLIB$REQ8$EABIv2 0x00000000   Number         0  anon$$obj.o ABSOLUTE
    __ARM_use_no_argv                        0x00000000   Number         0  hello_world.o ABSOLUTE
    __ARM_exceptions_init                     - Undefined Weak Reference
    __alloca_initialize                       - Undefined Weak Reference
    __arm_fini_                               - Undefined Weak Reference
    __arm_preinit_                            - Undefined Weak Reference
    __cpp_initialize__aeabi_                  - Undefined Weak Reference
    __cxa_finalize                            - Undefined Weak Reference
    __rt_locale                               - Undefined Weak Reference
    __sigvec_lookup                           - Undefined Weak Reference
    _atexit_init                              - Undefined Weak Reference
    _call_atexit_fns                          - Undefined Weak Reference
    _clock_init                               - Undefined Weak Reference
    _fp_trap_init                             - Undefined Weak Reference
    _fp_trap_shutdown                         - Undefined Weak Reference
    _get_lc_collate                           - Undefined Weak Reference
    _get_lc_ctype                             - Undefined Weak Reference
    _get_lc_monetary                          - Undefined Weak Reference
    _get_lc_numeric                           - Undefined Weak Reference
    _get_lc_time                              - Undefined Weak Reference
    _getenv_init                              - Undefined Weak Reference
    _handle_redirection                       - Undefined Weak Reference
    _init_alloc                               - Undefined Weak Reference
    _init_user_alloc                          - Undefined Weak Reference
    _initio                                   - Undefined Weak Reference
    _rand_init                                - Undefined Weak Reference
    _signal_finish                            - Undefined Weak Reference
    _signal_init                              - Undefined Weak Reference
    _terminate_alloc                          - Undefined Weak Reference
    _terminate_user_alloc                     - Undefined Weak Reference
    _terminateio                              - Undefined Weak Reference
    __Vectors                                0x0000c100   Data           0  startup_keil.o(RESET)
    __Patchable                              0x0000c1c8   Data           0  startup_keil.o(RESET)
    Reset_Handler                            0x0000c201   Thumb Code    28  startup_keil.o(RESET)
    NMI_Handler                              0x0000c21f   Thumb Code     2  startup_keil.o(RESET)
    MemManage_Handler                        0x0000c221   Thumb Code     2  startup_keil.o(RESET)
    BusFault_Handler                         0x0000c223   Thumb Code     2  startup_keil.o(RESET)
    UsageFault_Handler                       0x0000c225   Thumb Code     2  startup_keil.o(RESET)
    SVC_Handler                              0x0000c227   Thumb Code     2  startup_keil.o(RESET)
    DebugMon_Handler                         0x0000c229   Thumb Code     2  startup_keil.o(RESET)
    PendSV_Handler                           0x0000c22b   Thumb Code     2  startup_keil.o(RESET)
    SysTick_Handler                          0x0000c22d   Thumb Code     2  startup_keil.o(RESET)
    am_adc_isr                               0x0000c22f   Thumb Code     0  startup_keil.o(RESET)
    am_ble_isr                               0x0000c22f   Thumb Code     0  startup_keil.o(RESET)
    am_brownout_isr                          0x0000c22f   Thumb Code     0  startup_keil.o(RESET)
    am_clkgen_isr                            0x0000c22f   Thumb Code     0  startup_keil.o(RESET)
    am_ctimer_isr                            0x0000c22f   Thumb Code     0  startup_keil.o(RESET)
    am_gpio_isr                              0x0000c22f   Thumb Code     0  startup_keil.o(RESET)
    am_iomaster0_isr                         0x0000c22f   Thumb Code     0  startup_keil.o(RESET)
    am_iomaster1_isr                         0x0000c22f   Thumb Code     0  startup_keil.o(RESET)
    am_iomaster2_isr                         0x0000c22f   Thumb Code     0  startup_keil.o(RESET)
    am_iomaster3_isr                         0x0000c22f   Thumb Code     0  startup_keil.o(RESET)
    am_iomaster4_isr                         0x0000c22f   Thumb Code     0  startup_keil.o(RESET)
    am_iomaster5_isr                         0x0000c22f   Thumb Code     0  startup_keil.o(RESET)
    am_ioslave_acc_isr                       0x0000c22f   Thumb Code     0  startup_keil.o(RESET)
    am_ioslave_ios_isr                       0x0000c22f   Thumb Code     0  startup_keil.o(RESET)
    am_mspi0_isr                             0x0000c22f   Thumb Code     0  startup_keil.o(RESET)
    am_mspi1_isr                             0x0000c22f   Thumb Code     0  startup_keil.o(RESET)
    am_mspi2_isr                             0x0000c22f   Thumb Code     0  startup_keil.o(RESET)
    am_pdm0_isr                              0x0000c22f   Thumb Code     0  startup_keil.o(RESET)
    am_rtc_isr                               0x0000c22f   Thumb Code     0  startup_keil.o(RESET)
    am_scard_isr                             0x0000c22f   Thumb Code     0  startup_keil.o(RESET)
    am_software0_isr                         0x0000c22f   Thumb Code     0  startup_keil.o(RESET)
    am_stimer_cmpr0_isr                      0x0000c22f   Thumb Code     0  startup_keil.o(RESET)
    am_stimer_cmpr1_isr                      0x0000c22f   Thumb Code     0  startup_keil.o(RESET)
    am_stimer_cmpr2_isr                      0x0000c22f   Thumb Code     0  startup_keil.o(RESET)
    am_stimer_cmpr3_isr                      0x0000c22f   Thumb Code     0  startup_keil.o(RESET)
    am_stimer_cmpr4_isr                      0x0000c22f   Thumb Code     0  startup_keil.o(RESET)
    am_stimer_cmpr5_isr                      0x0000c22f   Thumb Code     0  startup_keil.o(RESET)
    am_stimer_cmpr6_isr                      0x0000c22f   Thumb Code     0  startup_keil.o(RESET)
    am_stimer_cmpr7_isr                      0x0000c22f   Thumb Code     0  startup_keil.o(RESET)
    am_stimer_isr                            0x0000c22f   Thumb Code     0  startup_keil.o(RESET)
    am_uart0_isr                             0x0000c22f   Thumb Code     0  startup_keil.o(RESET)
    am_uart1_isr                             0x0000c22f   Thumb Code     0  startup_keil.o(RESET)
    am_uart_isr                              0x0000c22f   Thumb Code     0  startup_keil.o(RESET)
    am_vcomp_isr                             0x0000c22f   Thumb Code     0  startup_keil.o(RESET)
    am_watchdog_isr                          0x0000c22f   Thumb Code     0  startup_keil.o(RESET)
    __main                                   0x0000c235   Thumb Code     8  __main.o(!!!main)
    __scatterload                            0x0000c23d   Thumb Code     0  __scatter.o(!!!scatter)
    __scatterload_rt2                        0x0000c23d   Thumb Code    44  __scatter.o(!!!scatter)
    __scatterload_rt2_thumb_only             0x0000c23d   Thumb Code     0  __scatter.o(!!!scatter)
    __scatterload_null                       0x0000c24b   Thumb Code     0  __scatter.o(!!!scatter)
    __scatterload_copy                       0x0000c271   Thumb Code    26  __scatter_copy.o(!!handler_copy)
    __scatterload_zeroinit                   0x0000c28d   Thumb Code    28  __scatter_zi.o(!!handler_zi)
    __rt_lib_init                            0x0000c2a9   Thumb Code     0  libinit.o(.ARM.Collect$$libinit$$00000000)
    __rt_lib_init_fp_1                       0x0000c2ab   Thumb Code     0  libinit2.o(.ARM.Collect$$libinit$$00000001)
    __rt_lib_init_alloca_1                   0x0000c2af   Thumb Code     0  libinit2.o(.ARM.Collect$$libinit$$0000002E)
    __rt_lib_init_argv_1                     0x0000c2af   Thumb Code     0  libinit2.o(.ARM.Collect$$libinit$$0000002C)
    __rt_lib_init_atexit_1                   0x0000c2af   Thumb Code     0  libinit2.o(.ARM.Collect$$libinit$$0000001B)
    __rt_lib_init_clock_1                    0x0000c2af   Thumb Code     0  libinit2.o(.ARM.Collect$$libinit$$00000021)
    __rt_lib_init_cpp_1                      0x0000c2af   Thumb Code     0  libinit2.o(.ARM.Collect$$libinit$$00000032)
    __rt_lib_init_exceptions_1               0x0000c2af   Thumb Code     0  libinit2.o(.ARM.Collect$$libinit$$00000030)
    __rt_lib_init_fp_trap_1                  0x0000c2af   Thumb Code     0  libinit2.o(.ARM.Collect$$libinit$$0000001F)
    __rt_lib_init_getenv_1                   0x0000c2af   Thumb Code     0  libinit2.o(.ARM.Collect$$libinit$$00000023)
    __rt_lib_init_heap_1                     0x0000c2af   Thumb Code     0  libinit2.o(.ARM.Collect$$libinit$$0000000A)
    __rt_lib_init_lc_collate_1               0x0000c2af   Thumb Code     0  libinit2.o(.ARM.Collect$$libinit$$00000011)
    __rt_lib_init_lc_ctype_1                 0x0000c2af   Thumb Code     0  libinit2.o(.ARM.Collect$$libinit$$00000013)
    __rt_lib_init_lc_monetary_1              0x0000c2af   Thumb Code     0  libinit2.o(.ARM.Collect$$libinit$$00000015)
    __rt_lib_init_lc_numeric_1               0x0000c2af   Thumb Code     0  libinit2.o(.ARM.Collect$$libinit$$00000017)
    __rt_lib_init_lc_time_1                  0x0000c2af   Thumb Code     0  libinit2.o(.ARM.Collect$$libinit$$00000019)
    __rt_lib_init_preinit_1                  0x0000c2af   Thumb Code     0  libinit2.o(.ARM.Collect$$libinit$$00000004)
    __rt_lib_init_rand_1                     0x0000c2af   Thumb Code     0  libinit2.o(.ARM.Collect$$libinit$$0000000E)
    __rt_lib_init_return                     0x0000c2af   Thumb Code     0  libinit2.o(.ARM.Collect$$libinit$$00000033)
    __rt_lib_init_signal_1                   0x0000c2af   Thumb Code     0  libinit2.o(.ARM.Collect$$libinit$$0000001D)
    __rt_lib_init_stdio_1                    0x0000c2af   Thumb Code     0  libinit2.o(.ARM.Collect$$libinit$$00000025)
    __rt_lib_init_user_alloc_1               0x0000c2af   Thumb Code     0  libinit2.o(.ARM.Collect$$libinit$$0000000C)
    __rt_lib_shutdown                        0x0000c2b1   Thumb Code     0  libshutdown.o(.ARM.Collect$$libshutdown$$00000000)
    __rt_lib_shutdown_cpp_1                  0x0000c2b3   Thumb Code     0  libshutdown2.o(.ARM.Collect$$libshutdown$$00000004)
    __rt_lib_shutdown_fini_1                 0x0000c2b3   Thumb Code     0  libshutdown2.o(.ARM.Collect$$libshutdown$$00000002)
    __rt_lib_shutdown_fp_trap_1              0x0000c2b3   Thumb Code     0  libshutdown2.o(.ARM.Collect$$libshutdown$$00000009)
    __rt_lib_shutdown_heap_1                 0x0000c2b3   Thumb Code     0  libshutdown2.o(.ARM.Collect$$libshutdown$$00000011)
    __rt_lib_shutdown_return                 0x0000c2b3   Thumb Code     0  libshutdown2.o(.ARM.Collect$$libshutdown$$00000012)
    __rt_lib_shutdown_signal_1               0x0000c2b3   Thumb Code     0  libshutdown2.o(.ARM.Collect$$libshutdown$$0000000C)
    __rt_lib_shutdown_stdio_1                0x0000c2b3   Thumb Code     0  libshutdown2.o(.ARM.Collect$$libshutdown$$00000006)
    __rt_lib_shutdown_user_alloc_1           0x0000c2b3   Thumb Code     0  libshutdown2.o(.ARM.Collect$$libshutdown$$0000000E)
    __rt_entry                               0x0000c2b5   Thumb Code     0  __rtentry.o(.ARM.Collect$$rtentry$$00000000)
    __rt_entry_presh_1                       0x0000c2b5   Thumb Code     0  __rtentry2.o(.ARM.Collect$$rtentry$$00000002)
    __rt_entry_sh                            0x0000c2b5   Thumb Code     0  __rtentry4.o(.ARM.Collect$$rtentry$$00000004)
    __rt_entry_li                            0x0000c2bb   Thumb Code     0  __rtentry2.o(.ARM.Collect$$rtentry$$0000000A)
    __rt_entry_postsh_1                      0x0000c2bb   Thumb Code     0  __rtentry2.o(.ARM.Collect$$rtentry$$00000009)
    __rt_entry_main                          0x0000c2bf   Thumb Code     0  __rtentry2.o(.ARM.Collect$$rtentry$$0000000D)
    __rt_entry_postli_1                      0x0000c2bf   Thumb Code     0  __rtentry2.o(.ARM.Collect$$rtentry$$0000000C)
    __rt_exit                                0x0000c2c7   Thumb Code     0  rtexit.o(.ARM.Collect$$rtexit$$00000000)
    __rt_exit_ls                             0x0000c2c9   Thumb Code     0  rtexit2.o(.ARM.Collect$$rtexit$$00000003)
    __rt_exit_prels_1                        0x0000c2c9   Thumb Code     0  rtexit2.o(.ARM.Collect$$rtexit$$00000002)
    __rt_exit_exit                           0x0000c2cd   Thumb Code     0  rtexit2.o(.ARM.Collect$$rtexit$$00000004)
    HardFault_Handler                        0x0000c2d5   Thumb Code    26  am_util_faultisr.o(.emb_text)
    getStackedReg                            0x0000c2ef   Thumb Code     8  am_util_faultisr.o(.emb_text)
    am_hal_interrupt_master_enable           0x0000c2f9   Thumb Code     8  am_hal_interrupt.o(.emb_text)
    am_hal_interrupt_master_disable          0x0000c301   Thumb Code     8  am_hal_interrupt.o(.emb_text)
    am_hal_interrupt_master_set              0x0000c309   Thumb Code     6  am_hal_interrupt.o(.emb_text)
    __user_initial_stackheap                 0x0000c311   Thumb Code    10  startup_keil.o(.text)
    __aeabi_memclr4                          0x0000c329   Thumb Code     0  rt_memclr_w.o(.text)
    __aeabi_memclr8                          0x0000c329   Thumb Code     0  rt_memclr_w.o(.text)
    __rt_memclr_w                            0x0000c329   Thumb Code    78  rt_memclr_w.o(.text)
    _memset_w                                0x0000c32d   Thumb Code     0  rt_memclr_w.o(.text)
    __use_two_region_memory                  0x0000c377   Thumb Code     2  heapauxi.o(.text)
    __rt_heap_escrow$2region                 0x0000c379   Thumb Code     2  heapauxi.o(.text)
    __rt_heap_expand$2region                 0x0000c37b   Thumb Code     2  heapauxi.o(.text)
    __user_setup_stackheap                   0x0000c37d   Thumb Code    74  sys_stackheap_outer.o(.text)
    exit                                     0x0000c3c7   Thumb Code    18  exit.o(.text)
    __user_libspace                          0x0000c3d9   Thumb Code     8  libspace.o(.text)
    __user_perproc_libspace                  0x0000c3d9   Thumb Code     0  libspace.o(.text)
    __user_perthread_libspace                0x0000c3d9   Thumb Code     0  libspace.o(.text)
    _sys_exit                                0x0000c3e1   Thumb Code     8  sys_exit.o(.text)
    __I$use$semihosting                      0x0000c3ed   Thumb Code     0  use_no_semi.o(.text)
    __use_no_semihosting_swi                 0x0000c3ed   Thumb Code     2  use_no_semi.o(.text)
    __semihosting_library_function           0x0000c3ef   Thumb Code     0  indicate_semi.o(.text)
    am_bsp_debug_printf_disable              0x0000c3f1   Thumb Code    88  am_bsp.o(i.am_bsp_debug_printf_disable)
    am_bsp_itm_printf_enable                 0x0000c451   Thumb Code    44  am_bsp.o(i.am_bsp_itm_printf_enable)
    am_bsp_low_power_init                    0x0000c48d   Thumb Code    58  am_bsp.o(i.am_bsp_low_power_init)
    am_hal_burst_ldo_charge                  0x0000c4d1   Thumb Code   158  am_hal_burst.o(i.am_hal_burst_ldo_charge)
    am_hal_burst_ldo_patch_check             0x0000c57d   Thumb Code    16  am_hal_burst.o(i.am_hal_burst_ldo_patch_check)
    am_hal_burst_mode_disable_w_manual_sequence 0x0000c591   Thumb Code   126  am_hal_burst.o(i.am_hal_burst_mode_disable_w_manual_sequence)
    am_hal_burst_mode_enable_w_manual_sequence 0x0000c621   Thumb Code   450  am_hal_burst.o(i.am_hal_burst_mode_enable_w_manual_sequence)
    am_hal_cachectrl_config                  0x0000c7f9   Thumb Code    70  am_hal_cachectrl.o(i.am_hal_cachectrl_config)
    am_hal_cachectrl_control                 0x0000c845   Thumb Code   932  am_hal_cachectrl.o(i.am_hal_cachectrl_control)
    am_hal_cachectrl_enable                  0x0000cbf1   Thumb Code    14  am_hal_cachectrl.o(i.am_hal_cachectrl_enable)
    am_hal_clkgen_control                    0x0000cc05   Thumb Code   236  am_hal_clkgen.o(i.am_hal_clkgen_control)
    am_hal_clkgen_status_get                 0x0000cd01   Thumb Code    44  am_hal_clkgen.o(i.am_hal_clkgen_status_get)
    am_hal_flash_delay                       0x0000cd35   Thumb Code    30  am_hal_flash.o(i.am_hal_flash_delay)
    am_hal_flash_delay_status_check          0x0000cd59   Thumb Code    86  am_hal_flash.o(i.am_hal_flash_delay_status_check)
    am_hal_flash_load_ui32                   0x0000cdb5   Thumb Code     4  am_hal_flash.o(i.am_hal_flash_load_ui32)
    am_hal_flash_store_ui32                  0x0000cdbd   Thumb Code    36  am_hal_flash.o(i.am_hal_flash_store_ui32)
    am_hal_gpio_pinconfig                    0x0000cde5   Thumb Code   586  am_hal_gpio.o(i.am_hal_gpio_pinconfig)
    am_hal_gpio_state_write                  0x0000d065   Thumb Code   128  am_hal_gpio.o(i.am_hal_gpio_state_write)
    am_hal_itm_disable                       0x0000d0e5   Thumb Code   136  am_hal_itm.o(i.am_hal_itm_disable)
    am_hal_itm_enable                        0x0000d191   Thumb Code    44  am_hal_itm.o(i.am_hal_itm_enable)
    am_hal_itm_print                         0x0000d1d9   Thumb Code    48  am_hal_itm.o(i.am_hal_itm_print)
    am_hal_mcuctrl_info_get                  0x0000d209   Thumb Code   276  am_hal_mcuctrl.o(i.am_hal_mcuctrl_info_get)
    am_hal_pwrctrl_bleif_workaround          0x0000d341   Thumb Code   162  am_hal_pwrctrl.o(i.am_hal_pwrctrl_bleif_workaround)
    am_hal_pwrctrl_ldo_vddx_active_trim_adj_default 0x0000d3f5   Thumb Code   132  am_hal_pwrctrl.o(i.am_hal_pwrctrl_ldo_vddx_active_trim_adj_default)
    am_hal_pwrctrl_low_power_init            0x0000d485   Thumb Code   372  am_hal_pwrctrl.o(i.am_hal_pwrctrl_low_power_init)
    am_hal_pwrctrl_periph_disable            0x0000d611   Thumb Code   198  am_hal_pwrctrl.o(i.am_hal_pwrctrl_periph_disable)
    am_hal_pwrctrl_periph_enable             0x0000d6e1   Thumb Code   104  am_hal_pwrctrl.o(i.am_hal_pwrctrl_periph_enable)
    am_hal_pwrctrl_simobuck_vddx_active_trim_adj_default 0x0000d751   Thumb Code   152  am_hal_pwrctrl.o(i.am_hal_pwrctrl_simobuck_vddx_active_trim_adj_default)
    am_hal_pwrctrl_wa_vddf_boost             0x0000d7f1   Thumb Code    54  am_hal_pwrctrl.o(i.am_hal_pwrctrl_wa_vddf_boost)
    am_hal_pwrctrl_wa_vddf_restore           0x0000d82d   Thumb Code    54  am_hal_pwrctrl.o(i.am_hal_pwrctrl_wa_vddf_restore)
    am_hal_rtc_osc_disable                   0x0000d869   Thumb Code    18  am_hal_rtc.o(i.am_hal_rtc_osc_disable)
    am_hal_security_get_info                 0x0000d87d   Thumb Code    80  am_hal_security.o(i.am_hal_security_get_info)
    am_hal_sysctrl_sleep                     0x0000d8d5   Thumb Code   140  am_hal_sysctrl.o(i.am_hal_sysctrl_sleep)
    am_hal_tpiu_enable                       0x0000d979   Thumb Code   122  am_hal_tpiu.o(i.am_hal_tpiu_enable)
    am_hal_uart_deinitialize                 0x0000da09   Thumb Code    42  am_hal_uart.o(i.am_hal_uart_deinitialize)
    am_hal_uart_power_control                0x0000da39   Thumb Code   256  am_hal_uart.o(i.am_hal_uart_power_control)
    am_hal_uart_tx_flush                     0x0000db3d   Thumb Code    88  am_hal_uart.o(i.am_hal_uart_tx_flush)
    am_util_faultisr_collect_data            0x0000db99   Thumb Code   180  am_util_faultisr.o(i.am_util_faultisr_collect_data)
    am_util_id_device                        0x0000dc51   Thumb Code   110  am_util_id.o(i.am_util_id_device)
    am_util_stdio_printf                     0x0000dcd9   Thumb Code    50  am_util_stdio.o(i.am_util_stdio_printf)
    am_util_stdio_printf_init                0x0000dd15   Thumb Code     6  am_util_stdio.o(i.am_util_stdio_printf_init)
    am_util_stdio_sprintf                    0x0000dd21   Thumb Code    34  am_util_stdio.o(i.am_util_stdio_sprintf)
    am_util_stdio_terminal_clear             0x0000dd45   Thumb Code    10  am_util_stdio.o(i.am_util_stdio_terminal_clear)
    am_util_stdio_vsprintf                   0x0000dd65   Thumb Code   932  am_util_stdio.o(i.am_util_stdio_vsprintf)
    main                                     0x0000e3c1   Thumb Code   286  hello_world.o(i.main)
    __aeabi_d2f                              0x0000e83d   Thumb Code     0  d2f.o(x$fpl$d2f)
    _d2f                                     0x0000e83d   Thumb Code    98  d2f.o(x$fpl$d2f)
    __fpl_dnaninf                            0x0000e89f   Thumb Code   156  dnaninf.o(x$fpl$dnaninf)
    _fp_init                                 0x0000e93b   Thumb Code    10  fpinit.o(x$fpl$fpinit)
    __fplib_config_fpu_vfp                   0x0000e943   Thumb Code     0  fpinit.o(x$fpl$fpinit)
    __fplib_config_pureend_doubles           0x0000e943   Thumb Code     0  fpinit.o(x$fpl$fpinit)
    __fpl_fretinf                            0x0000e945   Thumb Code    10  fretinf.o(x$fpl$fretinf)
    __I$use$fp                               0x0000e94e   Number         0  usenofp.o(x$fpl$usenofp)
    g_ui8HALcompiler                         0x0000e979   Data          14  am_hal_global.o(.constdata)
    g_ui32HALversion                         0x0000e988   Data           4  am_hal_global.o(.constdata)
    am_hal_cachectrl_defaults                0x0000e98c   Data           3  am_hal_cachectrl.o(.constdata)
    g_am_hal_mcuctrl_flash_size              0x0000e99c   Data          64  am_hal_mcuctrl.o(.constdata)
    g_am_hal_mcuctrl_sram_size               0x0000e9dc   Data          64  am_hal_mcuctrl.o(.constdata)
    g_AM_HAL_GPIO_DISABLE                    0x0000ea1c   Data           4  am_hal_gpio.o(.constdata)
    g_AM_HAL_GPIO_OUTPUT                     0x0000ec28   Data           4  am_hal_gpio.o(.constdata)
    am_hal_pwrctrl_peripheral_control        0x0000ec2c   Data         204  am_hal_pwrctrl.o(.constdata)
    am_hal_pwrctrl_memory_control            0x0000ecf8   Data         432  am_hal_pwrctrl.o(.constdata)
    g_AM_BSP_GPIO_ITM_SWO                    0x0000eea8   Data           4  am_bsp_pins.o(.constdata)
    Region$$Table$$Base                      0x0000ef18   Number         0  anon$$obj.o(Region$$Table)
    Region$$Table$$Limit                     0x0000ef48   Number         0  anon$$obj.o(Region$$Table)
    g_pfnCharPrint                           0x10011000   Data           4  am_util_stdio.o(.data)
    g_am_hal_sysctrl_sleep_count             0x10011008   Data           4  am_hal_sysctrl.o(.data)
    am_bsp_psLEDs                            0x10011014   Data          40  am_bsp.o(.data)
    g_am_hal_burst_mode_available            0x10011064   Data           1  am_hal_burst.o(.data)
    g_bSimobuckTrimsDone                     0x10011065   Data           1  am_hal_pwrctrl.o(.data)
    g_bVddfTrimsDone                         0x10011066   Data           1  am_hal_pwrctrl.o(.data)
    gAmHalResetStatus                        0x10011068   Data           4  am_hal_reset.o(.data)
    __libspace_start                         0x10011c6c   Data          96  libspace.o(.bss)
    __temporary_stack_top$libspace           0x10011ccc   Data           0  libspace.o(.bss)



==============================================================================

Memory Map of the image

  Image Entry point : 0x0000c235

  Load Region LR_1 (Base: 0x0000c100, Size: 0x00002eb4, Max: 0xffffffff, ABSOLUTE)

    Execution Region ROMEM (Exec base: 0x0000c100, Load base: 0x0000c100, Size: 0x00002e48, Max: 0x001f3f00, ABSOLUTE)

    Exec Addr    Load Addr    Size         Type   Attr      Idx    E Section Name        Object

    0x0000c100   0x0000c100   0x00000134   Code   RO          474    RESET               startup_keil.o
    0x0000c234   0x0000c234   0x00000008   Code   RO         1103  * !!!main             c_w.l(__main.o)
    0x0000c23c   0x0000c23c   0x00000034   Code   RO         1269    !!!scatter          c_w.l(__scatter.o)
    0x0000c270   0x0000c270   0x0000001a   Code   RO         1271    !!handler_copy      c_w.l(__scatter_copy.o)
    0x0000c28a   0x0000c28a   0x00000002   PAD
    0x0000c28c   0x0000c28c   0x0000001c   Code   RO         1273    !!handler_zi        c_w.l(__scatter_zi.o)
    0x0000c2a8   0x0000c2a8   0x00000002   Code   RO         1137    .ARM.Collect$$libinit$$00000000  c_w.l(libinit.o)
    0x0000c2aa   0x0000c2aa   0x00000004   Code   RO         1143    .ARM.Collect$$libinit$$00000001  c_w.l(libinit2.o)
    0x0000c2ae   0x0000c2ae   0x00000000   Code   RO         1146    .ARM.Collect$$libinit$$00000004  c_w.l(libinit2.o)
    0x0000c2ae   0x0000c2ae   0x00000000   Code   RO         1149    .ARM.Collect$$libinit$$0000000A  c_w.l(libinit2.o)
    0x0000c2ae   0x0000c2ae   0x00000000   Code   RO         1151    .ARM.Collect$$libinit$$0000000C  c_w.l(libinit2.o)
    0x0000c2ae   0x0000c2ae   0x00000000   Code   RO         1153    .ARM.Collect$$libinit$$0000000E  c_w.l(libinit2.o)
    0x0000c2ae   0x0000c2ae   0x00000000   Code   RO         1156    .ARM.Collect$$libinit$$00000011  c_w.l(libinit2.o)
    0x0000c2ae   0x0000c2ae   0x00000000   Code   RO         1158    .ARM.Collect$$libinit$$00000013  c_w.l(libinit2.o)
    0x0000c2ae   0x0000c2ae   0x00000000   Code   RO         1160    .ARM.Collect$$libinit$$00000015  c_w.l(libinit2.o)
    0x0000c2ae   0x0000c2ae   0x00000000   Code   RO         1162    .ARM.Collect$$libinit$$00000017  c_w.l(libinit2.o)
    0x0000c2ae   0x0000c2ae   0x00000000   Code   RO         1164    .ARM.Collect$$libinit$$00000019  c_w.l(libinit2.o)
    0x0000c2ae   0x0000c2ae   0x00000000   Code   RO         1166    .ARM.Collect$$libinit$$0000001B  c_w.l(libinit2.o)
    0x0000c2ae   0x0000c2ae   0x00000000   Code   RO         1168    .ARM.Collect$$libinit$$0000001D  c_w.l(libinit2.o)
    0x0000c2ae   0x0000c2ae   0x00000000   Code   RO         1170    .ARM.Collect$$libinit$$0000001F  c_w.l(libinit2.o)
    0x0000c2ae   0x0000c2ae   0x00000000   Code   RO         1172    .ARM.Collect$$libinit$$00000021  c_w.l(libinit2.o)
    0x0000c2ae   0x0000c2ae   0x00000000   Code   RO         1174    .ARM.Collect$$libinit$$00000023  c_w.l(libinit2.o)
    0x0000c2ae   0x0000c2ae   0x00000000   Code   RO         1176    .ARM.Collect$$libinit$$00000025  c_w.l(libinit2.o)
    0x0000c2ae   0x0000c2ae   0x00000000   Code   RO         1180    .ARM.Collect$$libinit$$0000002C  c_w.l(libinit2.o)
    0x0000c2ae   0x0000c2ae   0x00000000   Code   RO         1182    .ARM.Collect$$libinit$$0000002E  c_w.l(libinit2.o)
    0x0000c2ae   0x0000c2ae   0x00000000   Code   RO         1184    .ARM.Collect$$libinit$$00000030  c_w.l(libinit2.o)
    0x0000c2ae   0x0000c2ae   0x00000000   Code   RO         1186    .ARM.Collect$$libinit$$00000032  c_w.l(libinit2.o)
    0x0000c2ae   0x0000c2ae   0x00000002   Code   RO         1187    .ARM.Collect$$libinit$$00000033  c_w.l(libinit2.o)
    0x0000c2b0   0x0000c2b0   0x00000002   Code   RO         1207    .ARM.Collect$$libshutdown$$00000000  c_w.l(libshutdown.o)
    0x0000c2b2   0x0000c2b2   0x00000000   Code   RO         1220    .ARM.Collect$$libshutdown$$00000002  c_w.l(libshutdown2.o)
    0x0000c2b2   0x0000c2b2   0x00000000   Code   RO         1222    .ARM.Collect$$libshutdown$$00000004  c_w.l(libshutdown2.o)
    0x0000c2b2   0x0000c2b2   0x00000000   Code   RO         1224    .ARM.Collect$$libshutdown$$00000006  c_w.l(libshutdown2.o)
    0x0000c2b2   0x0000c2b2   0x00000000   Code   RO         1227    .ARM.Collect$$libshutdown$$00000009  c_w.l(libshutdown2.o)
    0x0000c2b2   0x0000c2b2   0x00000000   Code   RO         1230    .ARM.Collect$$libshutdown$$0000000C  c_w.l(libshutdown2.o)
    0x0000c2b2   0x0000c2b2   0x00000000   Code   RO         1232    .ARM.Collect$$libshutdown$$0000000E  c_w.l(libshutdown2.o)
    0x0000c2b2   0x0000c2b2   0x00000000   Code   RO         1235    .ARM.Collect$$libshutdown$$00000011  c_w.l(libshutdown2.o)
    0x0000c2b2   0x0000c2b2   0x00000002   Code   RO         1236    .ARM.Collect$$libshutdown$$00000012  c_w.l(libshutdown2.o)
    0x0000c2b4   0x0000c2b4   0x00000000   Code   RO         1107    .ARM.Collect$$rtentry$$00000000  c_w.l(__rtentry.o)
    0x0000c2b4   0x0000c2b4   0x00000000   Code   RO         1114    .ARM.Collect$$rtentry$$00000002  c_w.l(__rtentry2.o)
    0x0000c2b4   0x0000c2b4   0x00000006   Code   RO         1126    .ARM.Collect$$rtentry$$00000004  c_w.l(__rtentry4.o)
    0x0000c2ba   0x0000c2ba   0x00000000   Code   RO         1116    .ARM.Collect$$rtentry$$00000009  c_w.l(__rtentry2.o)
    0x0000c2ba   0x0000c2ba   0x00000004   Code   RO         1117    .ARM.Collect$$rtentry$$0000000A  c_w.l(__rtentry2.o)
    0x0000c2be   0x0000c2be   0x00000000   Code   RO         1119    .ARM.Collect$$rtentry$$0000000C  c_w.l(__rtentry2.o)
    0x0000c2be   0x0000c2be   0x00000008   Code   RO         1120    .ARM.Collect$$rtentry$$0000000D  c_w.l(__rtentry2.o)
    0x0000c2c6   0x0000c2c6   0x00000002   Code   RO         1141    .ARM.Collect$$rtexit$$00000000  c_w.l(rtexit.o)
    0x0000c2c8   0x0000c2c8   0x00000000   Code   RO         1189    .ARM.Collect$$rtexit$$00000002  c_w.l(rtexit2.o)
    0x0000c2c8   0x0000c2c8   0x00000004   Code   RO         1190    .ARM.Collect$$rtexit$$00000003  c_w.l(rtexit2.o)
    0x0000c2cc   0x0000c2cc   0x00000006   Code   RO         1191    .ARM.Collect$$rtexit$$00000004  c_w.l(rtexit2.o)
    0x0000c2d2   0x0000c2d2   0x00000002   PAD
    0x0000c2d4   0x0000c2d4   0x00000022   Code   RO          291    .emb_text           am_util_faultisr.o
    0x0000c2f6   0x0000c2f6   0x00000002   PAD
    0x0000c2f8   0x0000c2f8   0x00000016   Code   RO          781    .emb_text           libam_hal.lib(am_hal_interrupt.o)
    0x0000c30e   0x0000c30e   0x00000002   PAD
    0x0000c310   0x0000c310   0x00000018   Code   RO          475    .text               startup_keil.o
    0x0000c328   0x0000c328   0x0000004e   Code   RO         1099    .text               c_w.l(rt_memclr_w.o)
    0x0000c376   0x0000c376   0x00000006   Code   RO         1101    .text               c_w.l(heapauxi.o)
    0x0000c37c   0x0000c37c   0x0000004a   Code   RO         1128    .text               c_w.l(sys_stackheap_outer.o)
    0x0000c3c6   0x0000c3c6   0x00000012   Code   RO         1130    .text               c_w.l(exit.o)
    0x0000c3d8   0x0000c3d8   0x00000008   Code   RO         1138    .text               c_w.l(libspace.o)
    0x0000c3e0   0x0000c3e0   0x0000000c   Code   RO         1199    .text               c_w.l(sys_exit.o)
    0x0000c3ec   0x0000c3ec   0x00000002   Code   RO         1210    .text               c_w.l(use_no_semi.o)
    0x0000c3ee   0x0000c3ee   0x00000000   Code   RO         1212    .text               c_w.l(indicate_semi.o)
    0x0000c3ee   0x0000c3ee   0x00000002   PAD
    0x0000c3f0   0x0000c3f0   0x00000060   Code   RO          671    i.am_bsp_debug_printf_disable  libam_bsp.lib(am_bsp.o)
    0x0000c450   0x0000c450   0x0000003c   Code   RO          678    i.am_bsp_itm_printf_enable  libam_bsp.lib(am_bsp.o)
    0x0000c48c   0x0000c48c   0x00000044   Code   RO          679    i.am_bsp_low_power_init  libam_bsp.lib(am_bsp.o)
    0x0000c4d0   0x0000c4d0   0x000000ac   Code   RO          714    i.am_hal_burst_ldo_charge  libam_hal.lib(am_hal_burst.o)
    0x0000c57c   0x0000c57c   0x00000014   Code   RO          715    i.am_hal_burst_ldo_patch_check  libam_hal.lib(am_hal_burst.o)
    0x0000c590   0x0000c590   0x00000090   Code   RO          717    i.am_hal_burst_mode_disable_w_manual_sequence  libam_hal.lib(am_hal_burst.o)
    0x0000c620   0x0000c620   0x000001d8   Code   RO          719    i.am_hal_burst_mode_enable_w_manual_sequence  libam_hal.lib(am_hal_burst.o)
    0x0000c7f8   0x0000c7f8   0x0000004c   Code   RO          495    i.am_hal_cachectrl_config  libam_hal.lib(am_hal_cachectrl.o)
    0x0000c844   0x0000c844   0x000003ac   Code   RO          496    i.am_hal_cachectrl_control  libam_hal.lib(am_hal_cachectrl.o)
    0x0000cbf0   0x0000cbf0   0x00000014   Code   RO          498    i.am_hal_cachectrl_enable  libam_hal.lib(am_hal_cachectrl.o)
    0x0000cc04   0x0000cc04   0x000000fc   Code   RO          513    i.am_hal_clkgen_control  libam_hal.lib(am_hal_clkgen.o)
    0x0000cd00   0x0000cd00   0x00000034   Code   RO          519    i.am_hal_clkgen_status_get  libam_hal.lib(am_hal_clkgen.o)
    0x0000cd34   0x0000cd34   0x00000024   Code   RO          540    i.am_hal_flash_delay  libam_hal.lib(am_hal_flash.o)
    0x0000cd58   0x0000cd58   0x0000005c   Code   RO          542    i.am_hal_flash_delay_status_check  libam_hal.lib(am_hal_flash.o)
    0x0000cdb4   0x0000cdb4   0x00000008   Code   RO          551    i.am_hal_flash_load_ui32  libam_hal.lib(am_hal_flash.o)
    0x0000cdbc   0x0000cdbc   0x00000028   Code   RO          557    i.am_hal_flash_store_ui32  libam_hal.lib(am_hal_flash.o)
    0x0000cde4   0x0000cde4   0x00000280   Code   RO          745    i.am_hal_gpio_pinconfig  libam_hal.lib(am_hal_gpio.o)
    0x0000d064   0x0000d064   0x00000080   Code   RO          747    i.am_hal_gpio_state_write  libam_hal.lib(am_hal_gpio.o)
    0x0000d0e4   0x0000d0e4   0x000000ac   Code   RO          789    i.am_hal_itm_disable  libam_hal.lib(am_hal_itm.o)
    0x0000d190   0x0000d190   0x00000048   Code   RO          790    i.am_hal_itm_enable  libam_hal.lib(am_hal_itm.o)
    0x0000d1d8   0x0000d1d8   0x00000030   Code   RO          792    i.am_hal_itm_print  libam_hal.lib(am_hal_itm.o)
    0x0000d208   0x0000d208   0x00000138   Code   RO          612    i.am_hal_mcuctrl_info_get  libam_hal.lib(am_hal_mcuctrl.o)
    0x0000d340   0x0000d340   0x000000b4   Code   RO          820    i.am_hal_pwrctrl_bleif_workaround  libam_hal.lib(am_hal_pwrctrl.o)
    0x0000d3f4   0x0000d3f4   0x00000090   Code   RO          822    i.am_hal_pwrctrl_ldo_vddx_active_trim_adj_default  libam_hal.lib(am_hal_pwrctrl.o)
    0x0000d484   0x0000d484   0x0000018c   Code   RO          823    i.am_hal_pwrctrl_low_power_init  libam_hal.lib(am_hal_pwrctrl.o)
    0x0000d610   0x0000d610   0x000000d0   Code   RO          827    i.am_hal_pwrctrl_periph_disable  libam_hal.lib(am_hal_pwrctrl.o)
    0x0000d6e0   0x0000d6e0   0x00000070   Code   RO          828    i.am_hal_pwrctrl_periph_enable  libam_hal.lib(am_hal_pwrctrl.o)
    0x0000d750   0x0000d750   0x000000a0   Code   RO          831    i.am_hal_pwrctrl_simobuck_vddx_active_trim_adj_default  libam_hal.lib(am_hal_pwrctrl.o)
    0x0000d7f0   0x0000d7f0   0x0000003c   Code   RO          832    i.am_hal_pwrctrl_wa_vddf_boost  libam_hal.lib(am_hal_pwrctrl.o)
    0x0000d82c   0x0000d82c   0x0000003c   Code   RO          833    i.am_hal_pwrctrl_wa_vddf_restore  libam_hal.lib(am_hal_pwrctrl.o)
    0x0000d868   0x0000d868   0x00000012   Code   RO          887    i.am_hal_rtc_osc_disable  libam_hal.lib(am_hal_rtc.o)
    0x0000d87a   0x0000d87a   0x00000002   PAD
    0x0000d87c   0x0000d87c   0x00000058   Code   RO          629    i.am_hal_security_get_info  libam_hal.lib(am_hal_security.o)
    0x0000d8d4   0x0000d8d4   0x000000a4   Code   RO          653    i.am_hal_sysctrl_sleep  libam_hal.lib(am_hal_sysctrl.o)
    0x0000d978   0x0000d978   0x00000090   Code   RO          918    i.am_hal_tpiu_enable  libam_hal.lib(am_hal_tpiu.o)
    0x0000da08   0x0000da08   0x00000030   Code   RO          938    i.am_hal_uart_deinitialize  libam_hal.lib(am_hal_uart.o)
    0x0000da38   0x0000da38   0x00000104   Code   RO          949    i.am_hal_uart_power_control  libam_hal.lib(am_hal_uart.o)
    0x0000db3c   0x0000db3c   0x0000005c   Code   RO          951    i.am_hal_uart_tx_flush  libam_hal.lib(am_hal_uart.o)
    0x0000db98   0x0000db98   0x000000b8   Code   RO          292    i.am_util_faultisr_collect_data  am_util_faultisr.o
    0x0000dc50   0x0000dc50   0x00000088   Code   RO          319    i.am_util_id_device  am_util_id.o
    0x0000dcd8   0x0000dcd8   0x0000003c   Code   RO          352    i.am_util_stdio_printf  am_util_stdio.o
    0x0000dd14   0x0000dd14   0x0000000c   Code   RO          353    i.am_util_stdio_printf_init  am_util_stdio.o
    0x0000dd20   0x0000dd20   0x00000022   Code   RO          355    i.am_util_stdio_sprintf  am_util_stdio.o
    0x0000dd42   0x0000dd42   0x00000002   PAD
    0x0000dd44   0x0000dd44   0x00000020   Code   RO          357    i.am_util_stdio_terminal_clear  am_util_stdio.o
    0x0000dd64   0x0000dd64   0x000003b4   Code   RO          361    i.am_util_stdio_vsprintf  am_util_stdio.o
    0x0000e118   0x0000e118   0x00000022   Code   RO          320    i.chiprev_set       am_util_id.o
    0x0000e13a   0x0000e13a   0x00000042   Code   RO          362    i.decstr_to_int     am_util_stdio.o
    0x0000e17c   0x0000e17c   0x000000cc   Code   RO          363    i.divu64_10         am_util_stdio.o
    0x0000e248   0x0000e248   0x00000178   Code   RO          364    i.ftoa              am_util_stdio.o
    0x0000e3c0   0x0000e3c0   0x000002a8   Code   RO            4    i.main              hello_world.o
    0x0000e668   0x0000e668   0x00000034   Code   RO          365    i.ndigits_in_hex    am_util_stdio.o
    0x0000e69c   0x0000e69c   0x00000024   Code   RO          366    i.ndigits_in_i64    am_util_stdio.o
    0x0000e6c0   0x0000e6c0   0x0000003a   Code   RO          367    i.ndigits_in_u64    am_util_stdio.o
    0x0000e6fa   0x0000e6fa   0x00000022   Code   RO          368    i.padbuffer         am_util_stdio.o
    0x0000e71c   0x0000e71c   0x0000000c   Code   RO          321    i.revmaj_get        am_util_id.o
    0x0000e728   0x0000e728   0x00000018   Code   RO          369    i.simple_strlen     am_util_stdio.o
    0x0000e740   0x0000e740   0x0000008a   Code   RO          370    i.uint64_to_hexstr  am_util_stdio.o
    0x0000e7ca   0x0000e7ca   0x00000070   Code   RO          371    i.uint64_to_str     am_util_stdio.o
    0x0000e83a   0x0000e83a   0x00000002   PAD
    0x0000e83c   0x0000e83c   0x00000062   Code   RO         1105    x$fpl$d2f           fz_wm.l(d2f.o)
    0x0000e89e   0x0000e89e   0x0000009c   Code   RO         1108    x$fpl$dnaninf       fz_wm.l(dnaninf.o)
    0x0000e93a   0x0000e93a   0x0000000a   Code   RO         1197    x$fpl$fpinit        fz_wm.l(fpinit.o)
    0x0000e944   0x0000e944   0x0000000a   Code   RO         1110    x$fpl$fretinf       fz_wm.l(fretinf.o)
    0x0000e94e   0x0000e94e   0x00000000   Code   RO         1112    x$fpl$usenofp       fz_wm.l(usenofp.o)
    0x0000e94e   0x0000e94e   0x0000002b   Data   RO          322    .constdata          am_util_id.o
    0x0000e979   0x0000e979   0x0000000e   Data   RO          486    .constdata          libam_hal.lib(am_hal_global.o)
    0x0000e987   0x0000e987   0x00000001   PAD
    0x0000e988   0x0000e988   0x00000004   Data   RO          487    .constdata          libam_hal.lib(am_hal_global.o)
    0x0000e98c   0x0000e98c   0x00000003   Data   RO          500    .constdata          libam_hal.lib(am_hal_cachectrl.o)
    0x0000e98f   0x0000e98f   0x00000001   PAD
    0x0000e990   0x0000e990   0x0000000c   Data   RO          570    .constdata          libam_hal.lib(am_hal_flash.o)
    0x0000e99c   0x0000e99c   0x00000080   Data   RO          614    .constdata          libam_hal.lib(am_hal_mcuctrl.o)
    0x0000ea1c   0x0000ea1c   0x0000020a   Data   RO          749    .constdata          libam_hal.lib(am_hal_gpio.o)
    0x0000ec26   0x0000ec26   0x00000002   PAD
    0x0000ec28   0x0000ec28   0x00000004   Data   RO          757    .constdata          libam_hal.lib(am_hal_gpio.o)
    0x0000ec2c   0x0000ec2c   0x0000027c   Data   RO          834    .constdata          libam_hal.lib(am_hal_pwrctrl.o)
    0x0000eea8   0x0000eea8   0x00000004   Data   RO         1075    .constdata          libam_bsp.lib(am_bsp_pins.o)
    0x0000eeac   0x0000eeac   0x0000006c   Data   RO            5    .conststring        hello_world.o
    0x0000ef18   0x0000ef18   0x00000030   Data   RO         1267    Region$$Table       anon$$obj.o


    Execution Region TCM (Exec base: 0x10000000, Load base: 0x0000efb4, Size: 0x00000000, Max: 0x00010000, ABSOLUTE)

    **** No section assigned to this execution region ****


    Execution Region STACKMEM (Exec base: 0x10010000, Load base: 0x0000efb4, Size: 0x00001000, Max: 0x00001000, ABSOLUTE)

    Exec Addr    Load Addr    Size         Type   Attr      Idx    E Section Name        Object

    0x10010000        -       0x00001000   Zero   RW          472    STACK               startup_keil.o


    Execution Region RWMEM (Exec base: 0x10011000, Load base: 0x0000ef48, Size: 0x00000cd0, Max: 0x000af000, ABSOLUTE)

    Exec Addr    Load Addr    Size         Type   Attr      Idx    E Section Name        Object

    0x10011000   0x0000ef48   0x00000005   Data   RW          373    .data               am_util_stdio.o
    0x10011005   0x0000ef4d   0x00000003   PAD
    0x10011008   0x0000ef50   0x00000004   Data   RW          654    .data               libam_hal.lib(am_hal_sysctrl.o)
    0x1001100c   0x0000ef54   0x00000058   Data   RW          689    .data               libam_bsp.lib(am_bsp.o)
    0x10011064   0x0000efac   0x00000001   Data   RW          721    .data               libam_hal.lib(am_hal_burst.o)
    0x10011065   0x0000efad   0x00000002   Data   RW          835    .data               libam_hal.lib(am_hal_pwrctrl.o)
    0x10011067   0x0000efaf   0x00000001   PAD
    0x10011068   0x0000efb0   0x00000004   Data   RW          864    .data               libam_hal.lib(am_hal_reset.o)
    0x1001106c        -       0x00000400   Zero   RW          372    .bss                am_util_stdio.o
    0x1001146c        -       0x00000400   Zero   RW          686    .bss                libam_bsp.lib(am_bsp.o)
    0x1001186c        -       0x00000400   Zero   RW          687    .bss                libam_bsp.lib(am_bsp.o)
    0x10011c6c        -       0x00000060   Zero   RW         1139    .bss                c_w.l(libspace.o)
    0x10011ccc   0x0000efb4   0x00000004   PAD
    0x10011cd0        -       0x00000000   Zero   RW          473    HEAP                startup_keil.o


==============================================================================

Image component sizes


      Code (inc. data)   RO Data    RW Data    ZI Data      Debug   Object Name

       218          4          0          0          0       2076   am_util_faultisr.o
       182         26         43          0          0       2724   am_util_id.o
      2186         60          0          5       1024      13768   am_util_stdio.o
       680        394        108          0          0      12371   hello_world.o
       332        274          0          0       4096       1272   startup_keil.o

    ----------------------------------------------------------------------
      3604        758        199          8       5120      32211   Object Totals
         0          0         48          0          0          0   (incl. Generated)
         6          0          0          3          0          0   (incl. Padding)

    ----------------------------------------------------------------------

      Code (inc. data)   RO Data    RW Data    ZI Data      Debug   Library Member Name

         8          0          0          0          0         68   __main.o
         0          0          0          0          0          0   __rtentry.o
        12          0          0          0          0          0   __rtentry2.o
         6          0          0          0          0          0   __rtentry4.o
        52          8          0          0          0          0   __scatter.o
        26          0          0          0          0          0   __scatter_copy.o
        28          0          0          0          0          0   __scatter_zi.o
        18          0          0          0          0         80   exit.o
         6          0          0          0          0        152   heapauxi.o
         0          0          0          0          0          0   indicate_semi.o
         2          0          0          0          0          0   libinit.o
         6          0          0          0          0          0   libinit2.o
         2          0          0          0          0          0   libshutdown.o
         2          0          0          0          0          0   libshutdown2.o
         8          4          0          0         96         68   libspace.o
        78          0          0          0          0         80   rt_memclr_w.o
         2          0          0          0          0          0   rtexit.o
        10          0          0          0          0          0   rtexit2.o
        12          4          0          0          0         68   sys_exit.o
        74          0          0          0          0         80   sys_stackheap_outer.o
         2          0          0          0          0         68   use_no_semi.o
        98          4          0          0          0        140   d2f.o
       156          4          0          0          0        140   dnaninf.o
        10          0          0          0          0        116   fpinit.o
        10          0          0          0          0        116   fretinf.o
         0          0          0          0          0          0   usenofp.o
       224         34          0         88       2048        404   am_bsp.o
         0          0          4          0          0          0   am_bsp_pins.o
       808         58          0          1          0        528   am_hal_burst.o
      1036         38          3          0          0        376   am_hal_cachectrl.o
       304         34          0          0          0        240   am_hal_clkgen.o
       176         20         12          0          0        496   am_hal_flash.o
         0          0         18          0          0          0   am_hal_global.o
       768         60        526          0          0        312   am_hal_gpio.o
        22          0          0          0          0        148   am_hal_interrupt.o
       292         64          0          0          0        364   am_hal_itm.o
       312         36        128          0          0        116   am_hal_mcuctrl.o
      1320         92        636          2          0       1044   am_hal_pwrctrl.o
         0          0          0          4          0          0   am_hal_reset.o
        18          0          0          0          0        116   am_hal_rtc.o
        88          8          0          0          0        128   am_hal_security.o
       164         24          0          4          0        132   am_hal_sysctrl.o
       144         22          0          0          0        140   am_hal_tpiu.o
       400         14          0          0          0        380   am_hal_uart.o

    ----------------------------------------------------------------------
      6714        528       1331        100       2148       6100   Library Totals
        10          0          4          1          4          0   (incl. Padding)

    ----------------------------------------------------------------------

      Code (inc. data)   RO Data    RW Data    ZI Data      Debug   Library Name

       354         16          0          0         96        664   c_w.l
       274          8          0          0          0        512   fz_wm.l
       224         34          4         88       2048        404   libam_bsp.lib
      5852        470       1323         11          0       4520   libam_hal.lib

    ----------------------------------------------------------------------
      6714        528       1331        100       2148       6100   Library Totals

    ----------------------------------------------------------------------

==============================================================================


      Code (inc. data)   RO Data    RW Data    ZI Data      Debug   

     10318       1286       1530        108       7268      32503   Grand Totals
     10318       1286       1530        108       7268      32503   ELF Image Totals
     10318       1286       1530        108          0          0   ROM Totals

==============================================================================

    Total RO  Size (Code + RO Data)                11848 (  11.57kB)
    Total RW  Size (RW Data + ZI Data)              7376 (   7.20kB)
    Total ROM Size (Code + RO Data + RW Data)      11956 (  11.68kB)

==============================================================================

